###############################################################################################
                                           lamaGOT                                             
###############################################################################################
Job started on:
Fr 20. Apr 13:18:53 CEST 2018
User Inputs: 
Tonto executable	: tonto_new18
This is Tonto version18.04.19 61a3969
SCF program		: Gaussian
SCF executable		: g09
Job name		: my_job
Input cif		: /home/lorraine/second_drive/transfer/test_iterative/github/lamaGOT/tests/nh3/Gaussian/nh30r_third.cif
Input hkl		: /home/lorraine/second_drive/transfer/test_iterative/github/lamaGOT/tests/nh3/Gaussian/nh30r_tonto.hkl
Wavelenght		: 0.71073 Angstrom
F_sigma_cutoff		: 3
Tol. for shift on esd	: 0.010000
Charge			: 0
Multiplicity		: 1
Level of theory 	: rhf/STO-3G
Use SC cluster charges 	: false
Refine position and ADPs: true
Refine positions only	: false
Refine ADPs only	: false
Refine H ADPs 		: true
Refine Hydrogens isot.	: no
Dispersion correction	: no
Only for Gaussian/Orca job	
Number of processor 	: 1
Memory		 	: 1gb
###############################################################################################
                                     Starting Geometry                                         
###############################################################################################
================
Atom coordinates
================

No. of atoms .... 4

__________________________________________

  #  ID    Z     - x -     - y -     - z -
         /au                  /A
__________________________________________

  1  H1  1.0  0.655093  1.779360  1.309858
  2   N  7.0  1.078944  1.078944  1.078944
  3  H2  1.0  1.309858  0.655093  1.779360
  4  H3  1.0  1.779360  1.309858  0.655093
__________________________________________

=====================================
Atomic displacement parameters (ADPs)
=====================================

. The ADPs are referred to cartesian axes.
. The length units are in Angstrom.
. An ADP is deemed bad if the max-on-min axis ratio
  - is greater than 4 (i.e. flat)
  - or is non-positive-definite (i.e. NPD)

No. of NPD  ADPs .... 0
No. of Flat ADPs .... 0

___________________________________________________________________________________________

  #  ID      U_xx      U_yy      U_zz       U_xy       U_xz       U_yz  NPD  Flat      Axis
                                 /A^2                                     ?     ?     ratio
___________________________________________________________________________________________

  1  H1  0.053700  0.053700  0.053700   0.000000   0.000000   0.000000    F     F  1.000000
  2   N  0.036860  0.036860  0.036860  -0.000720  -0.000720  -0.000720    F     F  1.060982
  3  H2  0.053700  0.053700  0.053700   0.000000   0.000000   0.000000    F     F  1.000000
  4  H3  0.053700  0.053700  0.053700   0.000000   0.000000   0.000000    F     F  1.000000
___________________________________________________________________________________________


============
Bond lengths
============

. The bond-detection criteria is the same as used
  by the Cambridge Structural Database (CSD).

No. of bonds .... 3

____________________________

  A--B     A--B      R(A--B)
                          /A
____________________________

  N--H     N--H1    0.850619
           N--H2    0.850619
           N--H3    0.850619
____________________________


===========
Bond Angles
===========

. Atom B of Angle(A--B--C) is the middle atom.


No. of bond angles .... 3

_____________________________________

  A--B--C    A--B--C   Angle(A--B--C)
                              /degree
_____________________________________

  H--N--H   H1--N--H2      108.786042
            H1--N--H3      108.786042
            H2--N--H3      108.786042
_____________________________________


###############################################################################################
                                     Starting Gaussian                                         
###############################################################################################
%chk=./my_job.chk
%rwf=./my_job.rwf
%int=./my_job.int
%mem=1gb
%nprocshared=1
# rhf/STO-3G nosymm output=wfn 6D 10F 

my_job

0 1
H1       0.655093    1.779360    1.309858
N        1.078944    1.078944    1.078944
H2       1.309858    0.655093    1.779360
H3       1.779360    1.309858    0.655093

./my_job.wfn

Starting geometry: Energy= -55.3239856, RMSD= 8.177e-11

###############################################################################################
====================
Begin rigid-atom fit
====================

__________________________________________________________________________________________________________________________________________________________________

Cycle   Fit      initial        final            R              R_w              Max.           Max.      No. of     No. of     Energy         RMSD         Delta 
       Iter       chi2          chi2                                             Shift          Shift     params     eig's    at final      at final       Energy 
                                                                                 /esd           param                near 0     Geom.          Geom.                

__________________________________________________________________________________________________________________________________________________________________

 1	12	251.136187	23.011917	0.024406	0.021760	 3.851972	N Uxz     13 	6  -55.4409058   1.497e-10   	-0.11692
 2	8	32.054819	25.586189	0.027165	0.022944	 2.619304	N py     13 	6  -55.4424364   1.307e-10   	-0.0015306
 3	4	25.570105	25.544489	0.027230	0.022926	 0.136778	N pz     13 	6  -55.4422756   1.295e-10   	0.0001608
 4	2	25.535435	25.535217	0.027228	0.022922	 0.018244	N Uxy     13 	6  -55.4422862   1.296e-10   	-1.06e-05
 5	2	25.535519	25.535513	0.027232	0.022922	 0.002411	N pz     13 	6  -55.4422871   1.296e-10   	-9e-07
__________________________________________________________________________________________________________________________________________________________________

###############################################################################################
                                     Final Geometry                                         
###############################################################################################

Energy= -55.4422871, RMSD= 1.296e-10
 
======================
Rigid-atom fit results
======================

Structure fit converged.

Model statistics based on structure factors:

R_sigma(F) ........................ 0.005987
R_sigma(F2) ....................... 0.000032
R(F) .............................. 0.027232
R(F2) ............................. 0.079099
Rw(F) ............................. 0.022922
Rw(F2) ............................ 0.046537
# of reflections,    N_r .......... 98
# of fit parameters, N_p .......... 13
chi^2(N_p) ........................ 25.535513
Goodness of fit (N_p) ............. 5.053268
Effective (mean) sigma^2 .......... 0.044008
Scale factor ...................... 6.378615


Final asymmetric unit parameter values:

_____________________________________________

  #  ID    Z      - x -      - y -      - z -
         /au                    /A
_____________________________________________

  1  H1  1.0  0.644(15)  1.889(14)  1.40(2)
  2   N  7.0  1.0874(6)  1.0874(6)  1.0874(6)
_____________________________________________
_________________________________________________________________________________________________

  #  ID       U_xx       U_yy       U_zz        U_xy        U_xz        U_yz  NPD  Flat      Axis
                                    /A^2                                        ?     ?     ratio
_________________________________________________________________________________________________

  1  H1  0.054(8)   0.070(10)  0.086(11)   0.018(5)    0.012(6)   -0.019(9)     F     F  2.887561
  2   N  0.0356(5)  0.0356(5)  0.0356(5)  -0.0036(2)  -0.0036(2)  -0.0036(2)    F     F  1.380706
_________________________________________________________________________________________________


============
Bond lengths
============

. The bond-detection criteria is the same as used
  by the Cambridge Structural Database (CSD).

No. of bonds .... 3

____________________________

  A--B     A--B      R(A--B)
                          /A
____________________________

  N--H     N--H1    0.968(14)
           N--H2    0.968(14)
           N--H3    0.968(14)
_____________________________


===========
Bond Angles
===========

Atom B of Angle(A--B--C) is the middle atom.


No. of bond angles .... 3

_____________________________________

  A--B--C    A--B--C   Angle(A--B--C)
                              /degree
_____________________________________

  H--N--H   H1--N--H2       105.0(11)
            H1--N--H3       105.0(11)
            H2--N--H3       105.0(11)
_____________________________________

========================
Fit statistics vs. angle
========================

An analysis of the fit versus sin(theta)/lambda.

___________________________________________________________________________________________________________________________

   #  sin(th)/lambda  # of        GOF     F_exp               R(F)              Rw(F)              R(F2)             Rw(F2)
      max value/A^-1  refl              /F_pred
___________________________________________________________________________________________________________________________

   1        0.195158     2  13.095905  0.952176           0.050226           0.048360           0.102955           0.096074
   2        0.221517     0   0.000000  0.000000                NaN                NaN                NaN                NaN
   3        0.247876     2   2.312368  0.994210           0.005824           0.006044           0.011680           0.012252
   4        0.274235     0   0.000000  0.000000                NaN                NaN                NaN                NaN
   5        0.300594     2   8.275134  0.983328           0.016954           0.016957           0.034196           0.034203
   6        0.326953     2   7.265605  1.021142           0.020704           0.020313           0.040984           0.039286
   7        0.353312     2   1.550883  1.003931           0.003915           0.004086           0.007817           0.008164
   8        0.379671     4  18.305197  0.975543           0.019505           0.030084           0.028554           0.048264
   9        0.406030     2   5.904101  1.012156           0.012010           0.012217           0.023881           0.024314
  10        0.432389     4   4.319371  0.995196           0.006039           0.007389           0.009302           0.011377
  11        0.458748     6  14.772079  1.014886           0.014503           0.019581           0.025629           0.040967
  12        0.485106     2   5.678634  0.986331           0.013858           0.015644           0.027885           0.033233
  13        0.511465     8  13.619626  1.006917           0.021533           0.019802           0.043730           0.035328
  14        0.537824     8  10.298706  1.011362           0.012844           0.013104           0.026855           0.024985
  15        0.564183     4   5.248867  1.007106           0.016074           0.018160           0.031114           0.035731
  16        0.590542     8   8.080523  0.983151           0.016816           0.022467           0.024311           0.022746
  17        0.616901     6   8.469172  0.976424           0.025482           0.029786           0.050939           0.052440
  18        0.643260    12  15.163103  0.989318           0.029586           0.035728           0.049430           0.057369
  19        0.669619    10  12.891338  0.981169           0.041048           0.039465           0.047942           0.034462
  20        0.695978    14  19.460313  1.033536           0.072500           0.067323           0.126819           0.115629
___________________________________________________________________________________________________________________________

============================
Fit statistics vs. intensity
============================

An analysis of the fit versus F_exp is shown in the table below.

___________________________________________________________________________________

   #       F_exp  # of        GOF     F_exp      R(F)     Rw(F)     R(F2)    Rw(F2)
       max value  refl              /F_pred
___________________________________________________________________________________

   1    8.062995    46   5.444708  1.000107  0.047676  0.044209  0.083565  0.062265
   2   14.567144    30   4.713098  1.000758  0.013034  0.014545  0.027189  0.029217
   3   21.071293    10  22.675712  0.997822  0.018745  0.023327  0.035941  0.041356
   4   27.575442     4   2.291286  1.000801  0.003848  0.004068  0.007329  0.005964
   5   34.079590     2   8.275134  0.983328  0.016954  0.016957  0.034196  0.034203
   6   40.583739     4   7.429284  1.012536  0.012513  0.014245  0.025203  0.027124
   7   47.087888     0   0.000000  0.000000  0.000000  0.000000  0.000000  0.000000
   8   53.592037     0   0.000000  0.000000  0.000000  0.000000  0.000000  0.000000
   9   60.096186     0   0.000000  0.000000  0.000000  0.000000  0.000000  0.000000
  10   66.600335     0   0.000000  0.000000  0.000000  0.000000  0.000000  0.000000
  11   73.104484     0   0.000000  0.000000  0.000000  0.000000  0.000000  0.000000
  12   79.608633     0   0.000000  0.000000  0.000000  0.000000  0.000000  0.000000
  13   86.112782     0   0.000000  0.000000  0.000000  0.000000  0.000000  0.000000
  14   92.616931     0   0.000000  0.000000  0.000000  0.000000  0.000000  0.000000
  15   99.121080     0   0.000000  0.000000  0.000000  0.000000  0.000000  0.000000
  16  105.625229     0   0.000000  0.000000  0.000000  0.000000  0.000000  0.000000
  17  112.129378     0   0.000000  0.000000  0.000000  0.000000  0.000000  0.000000
  18  118.633527     0   0.000000  0.000000  0.000000  0.000000  0.000000  0.000000
  19  125.137676     0   0.000000  0.000000  0.000000  0.000000  0.000000  0.000000
  20  131.641825     2  13.095905  0.952176  0.050226  0.048360  0.102955  0.096074
___________________________________________________________________________________

=================
Worst reflections
=================

. Below are the 10 worst-fitted reflections
. The criteria is F_z = (F_calc-F_pred)/sigma, in sigma units
. The full list of reflections is in the produced CIF file


Number of reflections .... 10

Structure factors:

Model statistics based on structure factors:

R_sigma(F) ........................ 0.004630
R_sigma(F2) ....................... 0.000019
R(F) .............................. 0.045878
R(F2) ............................. 0.092749
Rw(F) ............................. 0.038036
Rw(F2) ............................ 0.077511
chi^2(N_p=1)(F) ................... 99.069612
Goodness of fit(N_p=1)(F) ......... 9.953372
________________________________________________________________________________________________________

   #   h   k   l       stl         d     F_calc      F_calc      F_pred       F_exp   F_sigma        F_z
                     /A^-1        /A         Re          Im
________________________________________________________________________________________________________

   1   1   2   3  0.364648  1.371184   1.964200    1.404876   15.403739   14.731938  0.050657  13.261631
   2  -1  -2  -3  0.364648  1.371184   1.964200   -1.404876   15.403739   14.595547  0.064202  12.588298
   3   1   1   1  0.168799  2.962096   0.579455  -21.573408  137.658095  131.641825  0.570432  10.546869
   4  -3  -5  -4  0.689121  0.725562  -0.393553    0.655451    4.876618    4.236744  0.064215   9.964588
   5   3   4   4  0.624025  0.801249  -0.777207    0.694335    6.647702    6.195966  0.051050   8.848916
   6   1   5   1  0.506398  0.987365   0.229754   -0.932301    6.124708    6.315853  0.029360  -6.510460
   7   4   4   4  0.675198  0.740524   0.239830    0.872049    5.768988    6.372598  0.090878  -6.641967
   8  -1  -4  -3  0.496932  1.006174  -2.041942    0.356133   13.221375   13.529967  0.044790  -6.889797
   9   1   4   2  0.446601  1.119567  -1.592425    0.797615   11.360395   11.605171  0.034087  -7.181008
  10   2   3   3  0.457111  1.093826  -0.887279   -2.136078   14.753906   15.109931  0.039098  -9.106021
________________________________________________________________________________________________________

==================================
Analysis of the Hirshfeld atom fit
==================================

An analysis of the fit is deposited in 'stdout.fit_analysis'.

This large file includes:
. a normal QQ plot i.e. Hamilton plot
. a normal QQ plot with each datum labelled by (hkl)
. a scatter plot of (Fexp-Fcalc)/sigma vs. sin (theta/lambda)
. a scatter plot of (Fexp-Fcalc)/sigma vs. intensity

If you used an extinction correction, you also get:
. a scatter plot of (Fcalc-Fcalc(no ext))/sigma vs. sin (theta/lambda)
. a scatter plot of (Fcalc-Fcalc(no ext))/sigma vs. Fcalc

All of the above plots are available for the reserved (free) data
if you made use of that option. Phew.

Use Excel or gnuplot to view these data. Do it.

=====================
Residual density data
=====================

. Grid has voxels less than 0.1 A per side
. Length units are in Angstrom

No. of X grid points ........ 55
No. of Y grid points ........ 55
No. of Z grid points ........ 55
Total no. of points ......... 166375
X point separation .......... 0.095009
Y point separation .......... 0.095009
Z point separation .......... 0.095009

Unit cell residual density:

Maximum ..................... 0.066117
- nearest atom .............. N
- distance to it ............ 3.347991
Minimum ..................... -0.044838
- nearest atom .............. H3
- distance to it ............ 2.266795
RMS ......................... 0.022628

Residuals on atoms:

Maximum ..................... 0.032735
- for atom .................. H3
Minimum ..................... 0.020343
- for atom .................. N
RMS ......................... 0.004990

====================================
Basis set linear dependence analysis
====================================

. Linear dependence is detected by small overlap matrix eigenvalues

. Overlap matrix eigenfunctions with eigenvalues less than the
  linear_dependence_tolerance are projected out of the AO basis
  leading to, in this case, some exact-zero MO eigenvalues.

Min. overlap matrix eigenvalue .... 0.239298E+00
Linear dependence tolerance ....... 0.100000E-04
Linear dependence shift ........... 0.100000E+13
No. of small eigenvalues .......... 0
No. of negative eigenvalues ....... 0

_________________________

  #  log10 |eig|  # < max
      max. value
_________________________

  1     0.000000        4
  2     1.000000        4
_________________________


keyword found --> write_xyz_file

keyword found --> }
Job ended, elapsed time:
0 days,  0 hours, 0minutes and 6 seconds elapsed.
