###############################################################################################
                                           lamaGOT                                             
###############################################################################################
Job started on:
Fr 20. Apr 16:45:55 CEST 2018
User Inputs: 
Tonto executable	: tonto_new18
This is Tonto version18.04.19 61a3969
SCF program		: Gaussian
SCF executable		: g09
Job name		: my_job
Input cif		: /home/lorraine/second_drive/transfer/test_iterative/github/lamaGOT/tests/nh3_dispersion/Gaussian/nh30r_third.cif
Input hkl		: /home/lorraine/second_drive/transfer/test_iterative/github/lamaGOT/tests/nh3_dispersion/Gaussian/nh30r_tonto.hkl
Wavelenght		: 0.71073 Angstrom
F_sigma_cutoff		: 3
Tol. for shift on esd	: 0.010000
Charge			: 0
Multiplicity		: 1
Level of theory 	: rhf/STO-3G
Use SC cluster charges 	: false
Refine position and ADPs: true
Refine positions only	: false
Refine ADPs only	: false
Refine H ADPs 		: true
Refine Hydrogens isot.	: no
Dispersion correction	: yes
			  C 0.0031 0.0016 N 0.0061 0.0033 H 0.0 0.0
Only for Gaussian/Orca job	
Number of processor 	: 1
Memory		 	: 1gb
###############################################################################################
                                     Starting Geometry                                         
###############################################################################################
================
Atom coordinates
================

No. of atoms .... 4

__________________________________________

  #  ID    Z     - x -     - y -     - z -
         /au                  /A
__________________________________________

  1  H1  1.0  0.655093  1.779360  1.309858
  2   N  7.0  1.078944  1.078944  1.078944
  3  H2  1.0  1.309858  0.655093  1.779360
  4  H3  1.0  1.779360  1.309858  0.655093
__________________________________________

=====================================
Atomic displacement parameters (ADPs)
=====================================

. The ADPs are referred to cartesian axes.
. The length units are in Angstrom.
. An ADP is deemed bad if the max-on-min axis ratio
  - is greater than 4 (i.e. flat)
  - or is non-positive-definite (i.e. NPD)

No. of NPD  ADPs .... 0
No. of Flat ADPs .... 0

___________________________________________________________________________________________

  #  ID      U_xx      U_yy      U_zz       U_xy       U_xz       U_yz  NPD  Flat      Axis
                                 /A^2                                     ?     ?     ratio
___________________________________________________________________________________________

  1  H1  0.053700  0.053700  0.053700   0.000000   0.000000   0.000000    F     F  1.000000
  2   N  0.036860  0.036860  0.036860  -0.000720  -0.000720  -0.000720    F     F  1.060982
  3  H2  0.053700  0.053700  0.053700   0.000000   0.000000   0.000000    F     F  1.000000
  4  H3  0.053700  0.053700  0.053700   0.000000   0.000000   0.000000    F     F  1.000000
___________________________________________________________________________________________


============
Bond lengths
============

. The bond-detection criteria is the same as used
  by the Cambridge Structural Database (CSD).

No. of bonds .... 3

____________________________

  A--B     A--B      R(A--B)
                          /A
____________________________

  N--H     N--H1    0.850619
           N--H2    0.850619
           N--H3    0.850619
____________________________


===========
Bond Angles
===========

. Atom B of Angle(A--B--C) is the middle atom.


No. of bond angles .... 3

_____________________________________

  A--B--C    A--B--C   Angle(A--B--C)
                              /degree
_____________________________________

  H--N--H   H1--N--H2      108.786042
            H1--N--H3      108.786042
            H2--N--H3      108.786042
_____________________________________


###############################################################################################
                                     Starting Gaussian                                         
###############################################################################################
%chk=./my_job.chk
%rwf=./my_job.rwf
%int=./my_job.int
%mem=1gb
%nprocshared=1
# rhf/STO-3G nosymm output=wfn 6D 10F 

my_job

0 1
H1       0.655093    1.779360    1.309858
N        1.078944    1.078944    1.078944
H2       1.309858    0.655093    1.779360
H3       1.779360    1.309858    0.655093

./my_job.wfn

Starting geometry: Energy= -55.3239856, RMSD= 8.177e-11

###############################################################################################
====================
Begin rigid-atom fit
====================

__________________________________________________________________________________________________________________________________________________________________

Cycle   Fit      initial        final            R              R_w              Max.           Max.      No. of     No. of     Energy         RMSD         Delta 
       Iter       chi2          chi2                                             Shift          Shift     params     eig's    at final      at final       Energy 
                                                                                 /esd           param                near 0     Geom.          Geom.                

__________________________________________________________________________________________________________________________________________________________________

 1	12	246.925703	22.725342	0.024168	0.021624	 3.875518	N Uxz     13 	6  -55.4405888   1.484e-10   	-0.116603
 2	8	31.588535	25.254062	0.026906	0.022795	 2.602585	N py     13 	6  -55.4420766   1.292e-10   	-0.0014878
 3	4	25.237074	25.212875	0.026968	0.022776	 0.131971	N py     13 	6  -55.4419146   1.280e-10   	0.000162
 4	2	25.204131	25.203970	0.026966	0.022772	 0.015356	N Uyz     13 	6  -55.4419242   1.281e-10   	-9.6e-06
 5	2	25.204247	25.204243	0.026971	0.022773	 0.001657	N Uxz     13 	6  -55.4419248   1.281e-10   	-6e-07
__________________________________________________________________________________________________________________________________________________________________

###############################################################################################
                                     Final Geometry                                         
###############################################################################################

Energy= -55.4419248, RMSD= 1.281e-10
 
======================
Rigid-atom fit results
======================

Structure fit converged.

Model statistics based on structure factors:

R_sigma(F) ........................ 0.005987
R_sigma(F2) ....................... 0.000032
R(F) .............................. 0.026971
R(F2) ............................. 0.078012
Rw(F) ............................. 0.022773
Rw(F2) ............................ 0.046232
# of reflections,    N_r .......... 98
# of fit parameters, N_p .......... 13
chi^2(N_p) ........................ 25.204243
Goodness of fit (N_p) ............. 5.020383
Effective (mean) sigma^2 .......... 0.043399
Scale factor ...................... 6.366781


Final asymmetric unit parameter values:

_____________________________________________

  #  ID    Z      - x -      - y -      - z -
         /au                    /A
_____________________________________________

  1  H1  1.0  0.644(15)  1.888(14)  1.40(2)
  2   N  7.0  1.0874(6)  1.0874(6)  1.0874(6)
_____________________________________________
_________________________________________________________________________________________________

  #  ID       U_xx       U_yy       U_zz        U_xy        U_xz        U_yz  NPD  Flat      Axis
                                    /A^2                                        ?     ?     ratio
_________________________________________________________________________________________________

  1  H1  0.054(8)   0.070(10)  0.085(11)   0.018(5)    0.012(6)   -0.018(9)     F     F  2.859877
  2   N  0.0356(5)  0.0356(5)  0.0356(5)  -0.0036(2)  -0.0036(2)  -0.0036(2)    F     F  1.378866
_________________________________________________________________________________________________


============
Bond lengths
============

. The bond-detection criteria is the same as used
  by the Cambridge Structural Database (CSD).

No. of bonds .... 3

____________________________

  A--B     A--B      R(A--B)
                          /A
____________________________

  N--H     N--H1    0.967(14)
           N--H2    0.967(14)
           N--H3    0.967(14)
_____________________________


===========
Bond Angles
===========

Atom B of Angle(A--B--C) is the middle atom.


No. of bond angles .... 3

_____________________________________

  A--B--C    A--B--C   Angle(A--B--C)
                              /degree
_____________________________________

  H--N--H   H1--N--H2       105.0(11)
            H1--N--H3       105.0(11)
            H2--N--H3       105.0(11)
_____________________________________

========================
Fit statistics vs. angle
========================

An analysis of the fit versus sin(theta)/lambda.

___________________________________________________________________________________________________________________________

   #  sin(th)/lambda  # of        GOF     F_exp               R(F)              Rw(F)              R(F2)             Rw(F2)
      max value/A^-1  refl              /F_pred
___________________________________________________________________________________________________________________________

   1        0.195158     2  12.906230  0.952817           0.049519           0.047660           0.101470           0.094614
   2        0.221517     0   0.000000  0.000000                NaN                NaN                NaN                NaN
   3        0.247876     2   2.376502  0.994069           0.005967           0.006211           0.011967           0.012599
   4        0.274235     0   0.000000  0.000000                NaN                NaN                NaN                NaN
   5        0.300594     2   8.216919  0.983442           0.016836           0.016837           0.033956           0.033959
   6        0.326953     2   7.135356  1.020749           0.020327           0.019949           0.040247           0.038607
   7        0.353312     2   1.530997  1.003810           0.003795           0.004034           0.007577           0.008060
   8        0.379671     4  18.261080  0.975629           0.019403           0.030012           0.028354           0.048154
   9        0.406030     2   5.920434  1.012180           0.012033           0.012250           0.023926           0.024381
  10        0.432389     4   4.298353  0.995244           0.006137           0.007353           0.009524           0.011202
  11        0.458748     6  14.688223  1.014864           0.014412           0.019469           0.025463           0.040726
  12        0.485106     2   5.570887  0.986447           0.013738           0.015348           0.027642           0.032516
  13        0.511465     8  13.541439  1.006804           0.021477           0.019689           0.043653           0.035169
  14        0.537824     8  10.212581  1.011262           0.012745           0.012994           0.026661           0.024778
  15        0.564183     4   5.203745  1.006950           0.016011           0.018004           0.031013           0.035435
  16        0.590542     8   7.968246  0.983458           0.016473           0.022154           0.023795           0.022428
  17        0.616901     6   8.432946  0.976489           0.025393           0.029658           0.050733           0.052090
  18        0.643260    12  15.079090  0.989283           0.029355           0.035530           0.049000           0.057030
  19        0.669619    10  12.841277  0.981257           0.040859           0.039312           0.047731           0.034332
  20        0.695978    14  19.338117  1.033278           0.072039           0.066900           0.125969           0.114843
___________________________________________________________________________________________________________________________

============================
Fit statistics vs. intensity
============================

An analysis of the fit versus F_exp is shown in the table below.

___________________________________________________________________________________

   #       F_exp  # of        GOF     F_exp      R(F)     Rw(F)     R(F2)    Rw(F2)
       max value  refl              /F_pred
___________________________________________________________________________________

   1    8.062995    46   5.409750  1.000072  0.047355  0.043925  0.082998  0.061779
   2   14.567144    30   4.680430  1.000722  0.012961  0.014444  0.027044  0.029011
   3   21.071293    10  22.621235  0.997821  0.018759  0.023271  0.035978  0.041238
   4   27.575442     4   2.264345  1.000910  0.003761  0.004021  0.007154  0.005800
   5   34.079590     2   8.216919  0.983442  0.016836  0.016837  0.033956  0.033959
   6   40.583739     4   7.297757  1.012279  0.012261  0.013993  0.024702  0.026662
   7   47.087888     0   0.000000  0.000000  0.000000  0.000000  0.000000  0.000000
   8   53.592037     0   0.000000  0.000000  0.000000  0.000000  0.000000  0.000000
   9   60.096186     0   0.000000  0.000000  0.000000  0.000000  0.000000  0.000000
  10   66.600335     0   0.000000  0.000000  0.000000  0.000000  0.000000  0.000000
  11   73.104484     0   0.000000  0.000000  0.000000  0.000000  0.000000  0.000000
  12   79.608633     0   0.000000  0.000000  0.000000  0.000000  0.000000  0.000000
  13   86.112782     0   0.000000  0.000000  0.000000  0.000000  0.000000  0.000000
  14   92.616931     0   0.000000  0.000000  0.000000  0.000000  0.000000  0.000000
  15   99.121080     0   0.000000  0.000000  0.000000  0.000000  0.000000  0.000000
  16  105.625229     0   0.000000  0.000000  0.000000  0.000000  0.000000  0.000000
  17  112.129378     0   0.000000  0.000000  0.000000  0.000000  0.000000  0.000000
  18  118.633527     0   0.000000  0.000000  0.000000  0.000000  0.000000  0.000000
  19  125.137676     0   0.000000  0.000000  0.000000  0.000000  0.000000  0.000000
  20  131.641825     2  12.906230  0.952817  0.049519  0.047660  0.101470  0.094614
___________________________________________________________________________________

=================
Worst reflections
=================

. Below are the 10 worst-fitted reflections
. The criteria is F_z = (F_calc-F_pred)/sigma, in sigma units
. The full list of reflections is in the produced CIF file


Number of reflections .... 10

Structure factors:

Model statistics based on structure factors:

R_sigma(F) ........................ 0.004542
R_sigma(F2) ....................... 0.000019
R(F) .............................. 0.044444
R(F2) ............................. 0.091034
Rw(F) ............................. 0.035703
Rw(F2) ............................ 0.072774
chi^2(N_p=1)(F) ................... 97.845399
Goodness of fit(N_p=1)(F) ......... 9.891683
________________________________________________________________________________________________________

   #   h   k   l       stl         d     F_calc      F_calc      F_pred       F_exp   F_sigma        F_z
                     /A^-1        /A         Re          Im
________________________________________________________________________________________________________

   1   1   2   3  0.364648  1.371184   1.965704    1.410342   15.403215   14.731938  0.050657  13.251275
   2  -1  -2  -3  0.364648  1.371184   1.968781   -1.405330   15.400573   14.595547  0.064202  12.538990
   3   1   1   1  0.168799  2.962096   0.589891  -21.598866  137.566534  131.641825  0.570432  10.386358
   4  -3  -5  -4  0.689121  0.725562  -0.395395    0.655303    4.872809    4.236744  0.064215   9.905263
   5   3   4   4  0.624025  0.801249  -0.780135    0.693644    6.646358    6.195966  0.051050   8.822577
   6  -1  -4  -2  0.446601  1.119567  -1.594784   -0.800828   11.361913   11.575837  0.033307  -6.422817
   7   4   4   4  0.675198  0.740524   0.238725    0.874532    5.771675    6.372598  0.090878  -6.612400
   8  -1  -4  -3  0.496932  1.006174  -2.046606    0.353677   13.223431   13.529967  0.044790  -6.843889
   9   1   4   2  0.446601  1.119567  -1.597316    0.796489   11.363969   11.605171  0.034087  -7.076152
  10   2   3   3  0.457111  1.093826  -0.884405   -2.142232   14.755734   15.109931  0.039098  -9.059267
________________________________________________________________________________________________________

==================================
Analysis of the Hirshfeld atom fit
==================================

An analysis of the fit is deposited in 'stdout.fit_analysis'.

This large file includes:
. a normal QQ plot i.e. Hamilton plot
. a normal QQ plot with each datum labelled by (hkl)
. a scatter plot of (Fexp-Fcalc)/sigma vs. sin (theta/lambda)
. a scatter plot of (Fexp-Fcalc)/sigma vs. intensity

If you used an extinction correction, you also get:
. a scatter plot of (Fcalc-Fcalc(no ext))/sigma vs. sin (theta/lambda)
. a scatter plot of (Fcalc-Fcalc(no ext))/sigma vs. Fcalc

All of the above plots are available for the reserved (free) data
if you made use of that option. Phew.

Use Excel or gnuplot to view these data. Do it.

=====================
Residual density data
=====================

. Grid has voxels less than 0.1 A per side
. Length units are in Angstrom

No. of X grid points ........ 55
No. of Y grid points ........ 55
No. of Z grid points ........ 55
Total no. of points ......... 166375
X point separation .......... 0.095009
Y point separation .......... 0.095009
Z point separation .......... 0.095009

Unit cell residual density:

Maximum ..................... 0.065592
- nearest atom .............. N
- distance to it ............ 3.348696
Minimum ..................... -0.044396
- nearest atom .............. H3
- distance to it ............ 2.266991
RMS ......................... 0.022364

Residuals on atoms:

Maximum ..................... 0.032408
- for atom .................. H3
Minimum ..................... 0.020106
- for atom .................. N
RMS ......................... 0.004947

====================================
Basis set linear dependence analysis
====================================

. Linear dependence is detected by small overlap matrix eigenvalues

. Overlap matrix eigenfunctions with eigenvalues less than the
  linear_dependence_tolerance are projected out of the AO basis
  leading to, in this case, some exact-zero MO eigenvalues.

Min. overlap matrix eigenvalue .... 0.238803E+00
Linear dependence tolerance ....... 0.100000E-04
Linear dependence shift ........... 0.100000E+13
No. of small eigenvalues .......... 0
No. of negative eigenvalues ....... 0

_________________________

  #  log10 |eig|  # < max
      max. value
_________________________

  1     0.000000        4
  2     1.000000        4
_________________________


keyword found --> write_xyz_file

keyword found --> }
Job ended, elapsed time:
0 days,  0 hours, 0minutes and 6 seconds elapsed.
