###############################################################################################
                                           lamaGOT                                             
###############################################################################################
Job started on:
Fr 20. Apr 16:35:27 CEST 2018
User Inputs: 
Tonto executable	: tonto_new18
This is Tonto version18.04.19 61a3969
SCF program		: Gaussian
SCF executable		: g09
Job name		: my_job
Input cif		: /home/lorraine/second_drive/transfer/test_iterative/github/lamaGOT/tests/nh3/Gaussian/nh30r_third.cif
Input hkl		: /home/lorraine/second_drive/transfer/test_iterative/github/lamaGOT/tests/nh3/Gaussian/nh30r_tonto.hkl
Wavelenght		: 0.71073 Angstrom
F_sigma_cutoff		: 3
Tol. for shift on esd	: 0.010000
Charge			: 0
Multiplicity		: 1
Level of theory 	: rhf/STO-3G
Use SC cluster charges 	: true
SC cluster charge radius: 8 Angstrom
Complete molecules	: false
Refine position and ADPs: true
Refine positions only	: false
Refine ADPs only	: false
Refine H ADPs 		: true
Refine Hydrogens isot.	: no
Dispersion correction	: no
Only for Gaussian/Orca job	
Number of processor 	: 1
Memory		 	: 1gb
###############################################################################################
                                     Starting Geometry                                         
###############################################################################################
================
Atom coordinates
================

No. of atoms .... 4

__________________________________________

  #  ID    Z     - x -     - y -     - z -
         /au                  /A
__________________________________________

  1  H1  1.0  0.655093  1.779360  1.309858
  2   N  7.0  1.078944  1.078944  1.078944
  3  H2  1.0  1.309858  0.655093  1.779360
  4  H3  1.0  1.779360  1.309858  0.655093
__________________________________________

=====================================
Atomic displacement parameters (ADPs)
=====================================

. The ADPs are referred to cartesian axes.
. The length units are in Angstrom.
. An ADP is deemed bad if the max-on-min axis ratio
  - is greater than 4 (i.e. flat)
  - or is non-positive-definite (i.e. NPD)

No. of NPD  ADPs .... 0
No. of Flat ADPs .... 0

___________________________________________________________________________________________

  #  ID      U_xx      U_yy      U_zz       U_xy       U_xz       U_yz  NPD  Flat      Axis
                                 /A^2                                     ?     ?     ratio
___________________________________________________________________________________________

  1  H1  0.053700  0.053700  0.053700   0.000000   0.000000   0.000000    F     F  1.000000
  2   N  0.036860  0.036860  0.036860  -0.000720  -0.000720  -0.000720    F     F  1.060982
  3  H2  0.053700  0.053700  0.053700   0.000000   0.000000   0.000000    F     F  1.000000
  4  H3  0.053700  0.053700  0.053700   0.000000   0.000000   0.000000    F     F  1.000000
___________________________________________________________________________________________


============
Bond lengths
============

. The bond-detection criteria is the same as used
  by the Cambridge Structural Database (CSD).

No. of bonds .... 3

____________________________

  A--B     A--B      R(A--B)
                          /A
____________________________

  N--H     N--H1    0.850619
           N--H2    0.850619
           N--H3    0.850619
____________________________


===========
Bond Angles
===========

. Atom B of Angle(A--B--C) is the middle atom.


No. of bond angles .... 3

_____________________________________

  A--B--C    A--B--C   Angle(A--B--C)
                              /degree
_____________________________________

  H--N--H   H1--N--H2      108.786042
            H1--N--H3      108.786042
            H2--N--H3      108.786042
_____________________________________


###############################################################################################
                                     Starting Gaussian                                         
###############################################################################################
%chk=./my_job.chk
%rwf=./my_job.rwf
%int=./my_job.int
%mem=1gb
%nprocshared=1
# rhf/STO-3G nosymm output=wfn 6D 10F 

my_job

0 1
H1       0.655093    1.779360    1.309858
N        1.078944    1.078944    1.078944
H2       1.309858    0.655093    1.779360
H3       1.779360    1.309858    0.655093

./my_job.wfn

Starting geometry: Energy= -55.3239856, RMSD= 8.177e-11

###############################################################################################
====================
Begin rigid-atom fit
====================

__________________________________________________________________________________________________________________________________________________________________

Cycle   Fit      initial        final            R              R_w              Max.           Max.      No. of     No. of     Energy         RMSD         Delta 
       Iter       chi2          chi2                                             Shift          Shift     params     eig's    at final      at final       Energy 
                                                                                 /esd           param                near 0     Geom.          Geom.                

__________________________________________________________________________________________________________________________________________________________________


 1	12	251.136183	23.011917	0.024406	0.021760	 3.851972	N Uxz     13 	6  -57.9095543   1.944e-10   	-2.58557

 2	8	31.898194	25.553868	0.027097	0.022930	 2.617253	N py     13 	6  -57.4890759   3.057e-10   	0.420478

 3	4	25.551619	25.524524	0.027170	0.022917	 0.149359	N pz     13 	6  -57.4672034   2.942e-10   	0.0218725

 4	2	25.511902	25.510707	0.027155	0.022911	 0.028177	N Uxy     13 	6  -57.4798398   2.968e-10   	-0.0126364

 5	2	25.514422	25.514402	0.027160	0.022912	 0.005220	N py     13 	6  -57.4790629   2.971e-10   	0.0007769
__________________________________________________________________________________________________________________________________________________________________

###############################################################################################
                                     Final Geometry                                         
###############################################################################################

Energy= -57.4790629, RMSD= 2.971e-10
 
======================
Rigid-atom fit results
======================

Structure fit converged.

Model statistics based on structure factors:

R_sigma(F) ........................ 0.005987
R_sigma(F2) ....................... 0.000032
R(F) .............................. 0.027160
R(F2) ............................. 0.078582
Rw(F) ............................. 0.022912
Rw(F2) ............................ 0.046519
# of reflections,    N_r .......... 98
# of fit parameters, N_p .......... 13
chi^2(N_p) ........................ 25.514402
Goodness of fit (N_p) ............. 5.051178
Effective (mean) sigma^2 .......... 0.043463
Scale factor ...................... 6.374292


Final asymmetric unit parameter values:

_____________________________________________

  #  ID    Z      - x -      - y -      - z -
         /au                    /A
_____________________________________________

  1  H1  1.0  0.644(15)  1.890(14)  1.40(2)
  2   N  7.0  1.0874(6)  1.0874(6)  1.0874(6)
_____________________________________________
_________________________________________________________________________________________________

  #  ID       U_xx       U_yy       U_zz        U_xy        U_xz        U_yz  NPD  Flat      Axis
                                    /A^2                                        ?     ?     ratio
_________________________________________________________________________________________________

  1  H1  0.054(8)   0.069(10)  0.086(11)   0.018(5)    0.012(6)   -0.019(9)     F     F  2.903539
  2   N  0.0355(5)  0.0355(5)  0.0355(5)  -0.0036(2)  -0.0036(2)  -0.0036(2)    F     F  1.379750
_________________________________________________________________________________________________


============
Bond lengths
============

. The bond-detection criteria is the same as used
  by the Cambridge Structural Database (CSD).

No. of bonds .... 3

____________________________

  A--B     A--B      R(A--B)
                          /A
____________________________

  N--H     N--H1    0.969(14)
           N--H2    0.969(14)
           N--H3    0.969(14)
_____________________________


===========
Bond Angles
===========

Atom B of Angle(A--B--C) is the middle atom.


No. of bond angles .... 3

_____________________________________

  A--B--C    A--B--C   Angle(A--B--C)
                              /degree
_____________________________________

  H--N--H   H1--N--H2       105.0(11)
            H1--N--H3       105.0(11)
            H2--N--H3       105.0(11)
_____________________________________

========================
Fit statistics vs. angle
========================

An analysis of the fit versus sin(theta)/lambda.

___________________________________________________________________________________________________________________________

   #  sin(th)/lambda  # of        GOF     F_exp               R(F)              Rw(F)              R(F2)             Rw(F2)
      max value/A^-1  refl              /F_pred
___________________________________________________________________________________________________________________________

   1        0.195158     2  12.997045  0.952508           0.049859           0.047995           0.102184           0.095310
   2        0.221517     0   0.000000  0.000000                NaN                NaN                NaN                NaN
   3        0.247876     2   2.351655  0.994106           0.005929           0.006146           0.011892           0.012459
   4        0.274235     0   0.000000  0.000000                NaN                NaN                NaN                NaN
   5        0.300594     2   8.256577  0.983365           0.016916           0.016919           0.034119           0.034126
   6        0.326953     2   7.257954  1.021119           0.020682           0.020292           0.040942           0.039244
   7        0.353312     2   1.566729  1.003975           0.003959           0.004128           0.007903           0.008247
   8        0.379671     4  18.326392  0.975459           0.019524           0.030119           0.028582           0.048330
   9        0.406030     2   5.901900  1.012151           0.012006           0.012212           0.023872           0.024305
  10        0.432389     4   4.341572  0.995153           0.006065           0.007427           0.009330           0.011411
  11        0.458748     6  14.772208  1.014878           0.014504           0.019581           0.025633           0.040970
  12        0.485106     2   5.650627  0.986410           0.013777           0.015567           0.027722           0.033074
  13        0.511465     8  13.642504  1.006949           0.021559           0.019836           0.043811           0.035458
  14        0.537824     8  10.240658  1.011282           0.012768           0.013030           0.026697           0.024849
  15        0.564183     4   5.235761  1.007271           0.015962           0.018115           0.030864           0.035600
  16        0.590542     8   8.091543  0.983064           0.016839           0.022497           0.024322           0.022757
  17        0.616901     6   8.466152  0.976469           0.025418           0.029775           0.050757           0.052314
  18        0.643260    12  15.168510  0.989261           0.029610           0.035741           0.049478           0.057403
  19        0.669619    10  12.909500  0.981171           0.041151           0.039521           0.048126           0.034519
  20        0.695978    14  19.467694  1.033670           0.072547           0.067349           0.126872           0.115713
___________________________________________________________________________________________________________________________

============================
Fit statistics vs. intensity
============================

An analysis of the fit versus F_exp is shown in the table below.

___________________________________________________________________________________

   #       F_exp  # of        GOF     F_exp      R(F)     Rw(F)     R(F2)    Rw(F2)
       max value  refl              /F_pred
___________________________________________________________________________________

   1    8.062995    46   5.448317  1.000097  0.047729  0.044238  0.083664  0.062293
   2   14.567144    30   4.709406  1.000815  0.013005  0.014534  0.027141  0.029219
   3   21.071293    10  22.683993  0.997769  0.018754  0.023335  0.035963  0.041371
   4   27.575442     4   2.306920  1.000728  0.003848  0.004096  0.007329  0.006091
   5   34.079590     2   8.256577  0.983365  0.016916  0.016919  0.034119  0.034126
   6   40.583739     4   7.425129  1.012547  0.012523  0.014237  0.025222  0.027110
   7   47.087888     0   0.000000  0.000000  0.000000  0.000000  0.000000  0.000000
   8   53.592037     0   0.000000  0.000000  0.000000  0.000000  0.000000  0.000000
   9   60.096186     0   0.000000  0.000000  0.000000  0.000000  0.000000  0.000000
  10   66.600335     0   0.000000  0.000000  0.000000  0.000000  0.000000  0.000000
  11   73.104484     0   0.000000  0.000000  0.000000  0.000000  0.000000  0.000000
  12   79.608633     0   0.000000  0.000000  0.000000  0.000000  0.000000  0.000000
  13   86.112782     0   0.000000  0.000000  0.000000  0.000000  0.000000  0.000000
  14   92.616931     0   0.000000  0.000000  0.000000  0.000000  0.000000  0.000000
  15   99.121080     0   0.000000  0.000000  0.000000  0.000000  0.000000  0.000000
  16  105.625229     0   0.000000  0.000000  0.000000  0.000000  0.000000  0.000000
  17  112.129378     0   0.000000  0.000000  0.000000  0.000000  0.000000  0.000000
  18  118.633527     0   0.000000  0.000000  0.000000  0.000000  0.000000  0.000000
  19  125.137676     0   0.000000  0.000000  0.000000  0.000000  0.000000  0.000000
  20  131.641825     2  12.997045  0.952508  0.049859  0.047995  0.102184  0.095310
___________________________________________________________________________________

=================
Worst reflections
=================

. Below are the 10 worst-fitted reflections
. The criteria is F_z = (F_calc-F_pred)/sigma, in sigma units
. The full list of reflections is in the produced CIF file


Number of reflections .... 10

Structure factors:

Model statistics based on structure factors:

R_sigma(F) ........................ 0.004630
R_sigma(F2) ....................... 0.000019
R(F) .............................. 0.045672
R(F2) ............................. 0.092035
Rw(F) ............................. 0.038016
Rw(F2) ............................ 0.077469
chi^2(N_p=1)(F) ................... 98.966028
Goodness of fit(N_p=1)(F) ......... 9.948167
________________________________________________________________________________________________________

   #   h   k   l       stl         d     F_calc      F_calc      F_pred       F_exp   F_sigma        F_z
                     /A^-1        /A         Re          Im
________________________________________________________________________________________________________

   1   1   2   3  0.364648  1.371184   1.965941    1.405462   15.404497   14.731938  0.050657  13.276587
   2  -1  -2  -3  0.364648  1.371184   1.965941   -1.405462   15.404497   14.595547  0.064202  12.600099
   3   1   1   1  0.168799  2.962096   0.577030  -21.580566  137.609997  131.641825  0.570432  10.462550
   4  -3  -5  -4  0.689121  0.725562  -0.393835    0.655918    4.876788    4.236744  0.064215   9.967237
   5   3   4   4  0.624025  0.801249  -0.777479    0.694957    6.647131    6.195966  0.051050   8.837738
   6   1   5   1  0.506398  0.987365   0.229721   -0.933079    6.125318    6.315853  0.029360  -6.489698
   7   4   4   4  0.675198  0.740524   0.240556    0.872589    5.769630    6.372598  0.090878  -6.634912
   8  -1  -4  -3  0.496932  1.006174  -2.043049    0.356147   13.219380   13.529967  0.044790  -6.934340
   9   1   4   2  0.446601  1.119567  -1.593332    0.798602   11.360680   11.605171  0.034087  -7.172640
  10   2   3   3  0.457111  1.093826  -0.888614   -2.137164   14.753567   15.109931  0.039098  -9.114689
________________________________________________________________________________________________________

==================================
Analysis of the Hirshfeld atom fit
==================================

An analysis of the fit is deposited in 'stdout.fit_analysis'.

This large file includes:
. a normal QQ plot i.e. Hamilton plot
. a normal QQ plot with each datum labelled by (hkl)
. a scatter plot of (Fexp-Fcalc)/sigma vs. sin (theta/lambda)
. a scatter plot of (Fexp-Fcalc)/sigma vs. intensity

If you used an extinction correction, you also get:
. a scatter plot of (Fcalc-Fcalc(no ext))/sigma vs. sin (theta/lambda)
. a scatter plot of (Fcalc-Fcalc(no ext))/sigma vs. Fcalc

All of the above plots are available for the reserved (free) data
if you made use of that option. Phew.

Use Excel or gnuplot to view these data. Do it.

=====================
Residual density data
=====================

. Grid has voxels less than 0.1 A per side
. Length units are in Angstrom

No. of X grid points ........ 55
No. of Y grid points ........ 55
No. of Z grid points ........ 55
Total no. of points ......... 166375
X point separation .......... 0.095009
Y point separation .......... 0.095009
Z point separation .......... 0.095009

Unit cell residual density:

Maximum ..................... 0.065937
- nearest atom .............. N
- distance to it ............ 3.347745
Minimum ..................... -0.044659
- nearest atom .............. H3
- distance to it ............ 2.267385
RMS ......................... 0.022492

Residuals on atoms:

Maximum ..................... 0.032557
- for atom .................. H3
Minimum ..................... 0.020233
- for atom .................. N
RMS ......................... 0.004961

====================================
Basis set linear dependence analysis
====================================

. Linear dependence is detected by small overlap matrix eigenvalues

. Overlap matrix eigenfunctions with eigenvalues less than the
  linear_dependence_tolerance are projected out of the AO basis
  leading to, in this case, some exact-zero MO eigenvalues.

Min. overlap matrix eigenvalue .... 0.239944E+00
Linear dependence tolerance ....... 0.100000E-04
Linear dependence shift ........... 0.100000E+13
No. of small eigenvalues .......... 0
No. of negative eigenvalues ....... 0

_________________________

  #  log10 |eig|  # < max
      max. value
_________________________

  1     0.000000        4
  2     1.000000        4
_________________________


keyword found --> write_xyz_file

keyword found --> }
Job ended, elapsed time:
0 days,  0 hours, 0minutes and 7 seconds elapsed.
