###############################################################################################
                                           lamaGOT                                             
###############################################################################################
Job started on:
Fr 20. Apr 16:40:54 CEST 2018
User Inputs: 
Tonto executable	: tonto_new18
This is Tonto version18.04.19 61a3969
SCF program		: Tonto
Job name		: my_job
Input cif		: /home/lorraine/second_drive/transfer/test_iterative/github/lamaGOT/tests/yellow/Tonto/calc.cif
Input hkl		: /home/lorraine/second_drive/transfer/test_iterative/github/lamaGOT/tests/yellow/Tonto/calc.hkl
Wavelenght		: 0.71073 Angstrom
F_sigma_cutoff		: 3
Tol. for shift on esd	: 0.010000
Charge			: 0
Multiplicity		: 1
Level of theory 	: rhf/STO-3G
Basis set directory	: /usr/local/bin/basis_sets
Becke grid (not default): false
Use SC cluster charges 	: false
Refine position and ADPs: true
Refine positions only	: false
Refine ADPs only	: false
Refine H ADPs 		: true
Refine Hydrogens isot.	: no
Dispersion correction	: no
====================
Begin rigid-atom fit
====================

__________________________________________________________________________________________________________________________________________________________________

Cycle   Fit      initial        final            R              R_w              Max.           Max.      No. of     No. of     Energy         RMSD         Delta 
       Iter       chi2          chi2                                             Shift          Shift     params     eig's    at final      at final       Energy 
                                                                                 /esd           param                near 0     Geom.          Geom.                

__________________________________________________________________________________________________________________________________________________________________

 1						 	  	     	 
__________________________________________________________________________________________________________________________________________________________________

###############################################################################################
                                     Final Geometry                                         
###############################################################################################

 


_______________________________________________________________

 T   O   N   T   O

 A free object-based system for computational chemistry

 Version: 18.04.19 v. 61a3969
 Platform: Linux-4.4.0-98-generic
 Build-date: 2018-04-19 16:02

 For conditions of use, on-line documentation, and contributor
 and developer information see :-

 https://github.com/dylan-jayatilaka/tonto

 Dylan Jayatilaka
 Daniel Grimwood
 Peter Spackman
_______________________________________________________________


Timer started at 20/04/2018 16:40:54.


keyword found --> name=

keyword found --> cif=

keyword found --> {

keyword found --> file_name=

keyword found --> }

keyword found --> process_cif

keyword found --> name=

keyword found --> basis_directory=

keyword found --> basis_name=

keyword found --> charge=

keyword found --> multiplicity=

keyword found --> crystal=
 
Warning from MOLECULE.MAIN:read_crystal ... crystal data already defined!

keyword found --> {

keyword found --> xray_data=
 
Warning from CRYSTAL:read_xray_data ... xray diffraction data already defined!

keyword found --> {

keyword found --> thermal_smearing_model=

keyword found --> partition_model=

keyword found --> optimise_extinction=

keyword found --> correct_dispersion=

keyword found --> optimise_scale_factor=

keyword found --> wavelength=

keyword found --> redirect

keyword found --> reflection_data=

keyword found --> {

keyword found --> keys=

keyword found --> data=

keyword found --> }

keyword found --> revert

keyword found --> f_sigma_cutoff=

keyword found --> tol_for_shift_on_esd=

keyword found --> refine_h_u_iso=

keyword found --> }

==================
Reflections pruned
==================

Rejection criteria ......... has_weak_F_exp

No. of reflections ......... 1539
No. of rejects ............. 635
No. of kept reflections .... 904
Wavelength (Bohr) .......... 1.343085
Wavelength (Angstrom) ...... 0.710730
Cutoff ..................... 3.000000

keyword found --> }

keyword found --> put


====================
Molecule information
====================

Name ...................... my_job

Chemical Formula .......... C14 H8 O3
Molecular weight .......... 224.218060

Charge .................... 0
Multiplicity .............. 1

No. of atoms .............. 25
No. of electrons .......... 116
No. of alpha electrons .... 58
No. of beta  electrons .... 58

Gaussian basis name ....... STO-3G
Spherical harmonics? ...... F


================
Atom coordinates
================

No. of atoms .... 25

______________________________________________________

   #   ID    Z       - x -         - y -         - z -
           /au                        /A
______________________________________________________

   1   C1  6.0   0.6710(4)   4.08212(11)  12.48185(11)
   2   C2  6.0   1.2680(4)   5.11436(11)  11.75100(11)
   3   H2  1.0   1.593(5)    6.0100(11)   12.0564(11)
   4   C3  6.0   1.4054(4)   4.71044(11)  10.40132(11)
   5   H3  1.0   1.864(4)    5.3466(5)     9.5891(11)
   6  C3A  6.0   0.8909(4)   3.42063(5)   10.29196(11)
   7   C4  6.0   0.7910(4)   2.56011(5)    9.11033(11)
   8   O4  8.0   1.1816(3)   2.90041(5)    8.00471(5)
   9  C4A  6.0   0.2070(4)   1.20590(5)    9.35839(11)
  10   C5  6.0   0.1170(4)   0.30635(11)   8.29145(11)
  11   H5  1.0   0.579(4)    0.6244(5)     7.2552(11)
  12   C6  6.0  -0.3704(4)  -0.97760(11)   8.50084(11)
  13   H6  1.0  -0.327(5)   -1.6196(11)    7.6286(11)
  14   C7  6.0  -0.8038(4)  -1.36786(11)   9.76783(11)
  15   H7  1.0  -1.159(4)   -2.4391(11)    9.9492(11)
  16   C8  6.0  -0.7407(4)  -0.47026(11)  10.83610(11)
  17   H8  1.0  -1.126(4)   -0.8195(5)    11.8297(11)
  18  C8A  6.0  -0.2401(4)   0.81174(5)   10.64005(11)
  19   C9  6.0  -0.1494(4)   1.73861(5)   11.76967(11)
  20   O9  8.0  -0.6118(3)   1.33859(5)   12.90863(5)
  21  C9A  6.0   0.4242(4)   2.99720(5)   11.56962(11)
  22  C10  6.0   0.3420(5)   4.13871(11)  13.85954(11)
  23  H10  1.0   0.472(5)    5.0539(11)   14.4037(16)
  24  O10  8.0  -0.2264(3)   3.22940(5)   14.49170(5)
  25   H9  1.0  -0.517(5)    2.1855(11)   13.6835(16)
______________________________________________________

=====================================
Atomic displacement parameters (ADPs)
=====================================

. The ADPs are referred to cartesian axes.
. The length units are in Angstrom.
. An ADP is deemed bad if the max-on-min axis ratio
  - is greater than 4 (i.e. flat)
  - or is non-positive-definite (i.e. NPD)

No. of NPD  ADPs .... 0
No. of Flat ADPs .... 0

__________________________________________________________________________________________________________________

   #   ID        U_xx        U_yy        U_zz            U_xy            U_xz            U_yz  NPD  Flat      Axis
                                         /A^2                                                    ?     ?     ratio
__________________________________________________________________________________________________________________

   1   C1  0.0265(16)  0.024(2)    0.022(2)     0.0039(9)      -0.0017(18)      0.0010(10)       F     F  1.497025
   2   C2  0.0300(16)  0.022(2)    0.032(2)    -0.0011(18)      0.0000(18)      0.001(2)         F     F  1.476254
   3   H2  0.070(10)   0.070(10)   0.070(10)    0.00000000(0)  -0.0007(8)       0.00000000(0)    F     F  1.019330
   4   C3  0.0301(16)  0.020(2)    0.027(2)     0.0009(8)       0.0037(18)      0.001(2)         F     F  1.648374
   5   H3  0.024(8)    0.024(8)    0.024(8)     0.00000000(0)   0.000031(10)    0.00000000(0)    F     F  1.002598
   6  C3A  0.0265(18)  0.020(2)    0.020(2)     0.0037(9)       0.0025(8)       0.0030(10)       F     F  1.744474
   7   C4  0.0265(18)  0.027(2)    0.021(2)     0.0053(9)       0.0024(8)       0.0060(10)       F     F  2.019344
   8   O4  0.0450(8)   0.0330(10)  0.0200(10)   0.0024(9)       0.0096(9)       0.0050(10)       F     F  3.115751
   9  C4A  0.0232(18)  0.024(2)    0.024(2)     0.0030(9)      -0.0010(8)       0.0000(10)       F     F  1.313565
  10   C5  0.0331(16)  0.027(2)    0.025(2)     0.0026(18)     -0.0041(18)     -0.005(2)         F     F  1.787860
  11   H5  0.019(7)    0.019(7)    0.019(7)     0.00000000(0)   0.00005(3)      0.00000000(0)    F     F  1.005282
  12   C6  0.0370(16)  0.029(2)    0.030(2)     0.0049(18)     -0.0037(18)     -0.007(2)         F     F  1.915134
  13   H6  0.060(10)   0.060(10)   0.060(10)    0.00000000(0)0.00058110(-2390   0.00000000(0)    F     F  1.019737
  14   C7  0.0361(16)  0.026(2)    0.036(2)    -0.0019(18)     -0.0085(18)     -0.001(2)         F     F  1.814786
  15   H7  0.050(10)   0.050(10)   0.050(10)    0.00000000(0)-0.00018758(-239   0.00000000(0)    F     F  1.007586
  16   C8  0.0296(16)  0.023(2)    0.027(2)    -0.0031(18)     -0.0024(18)      0.001(2)         F     F  1.478787
  17   H8  0.026(8)    0.026(8)    0.026(8)     0.00000000(0)  -0.000218(10)    0.00000000(0)    F     F  1.017062
  18  C8A  0.0234(18)  0.022(2)    0.020(2)    -0.0001(9)      -0.0015(8)       0.0010(10)       F     F  1.257202
  19   C9  0.0232(18)  0.022(2)    0.021(2)     0.0016(9)      -0.0006(8)       0.0030(10)       F     F  1.390768
  20   O9  0.0361(8)   0.0260(10)  0.0200(10)  -0.0016(9)       0.0046(9)       0.0050(10)       F     F  2.328801
  21  C9A  0.0234(18)  0.023(2)    0.018(2)     0.0016(9)      -0.0012(8)       0.0030(10)       F     F  1.555929
  22  C10  0.0371(16)  0.031(2)    0.021(2)     0.0030(18)      0.0004(18)      0.000(2)         F     F  1.829194
  23  H10  0.060(10)   0.060(10)   0.060(10)    0.00000000(0)0.00058110(-2390   0.00000000(0)    F     F  1.019737
  24  O10  0.0466(8)   0.0310(10)  0.0220(10)  -0.0010(9)       0.0033(9)       0.0000(10)       F     F  2.182741
  25   H9  0.040(10)   0.040(10)   0.040(10)    0.00000000(0)0.00005149(-2390   0.00000000(0)    F     F  1.002598
__________________________________________________________________________________________________________________


============
Bond lengths
============

. The bond-detection criteria is the same as used
  by the Cambridge Structural Database (CSD).

No. of bonds .... 27

______________________________

  A--B      A--B       R(A--B)
                            /A
______________________________

  O--C     O4--C4     1.220970
           O9--C9     1.292695
          O10--C10    1.244783

  O--H     O9--H9     1.151805

  C--C     C1--C2     1.398599
           C1--C9A    1.438799
           C1--C10    1.417554
           C2--C3     1.415510
           C3--C3A    1.392957
          C3A--C4     1.465173
          C3A--C9A    1.424610
           C4--C4A    1.495485
          C4A--C5     1.398444
          C4A--C8A    1.413484
           C5--C6     1.389219
           C6--C7     1.394776
           C7--C8     1.396734
           C8--C8A    1.390166
          C8A--C9     1.464022
           C9--C9A    1.397516

  C--H     C2--H2     1.000565
           C3--H3     1.128800
           C5--H5     1.178131
           C6--H6     1.083890
           C7--H7     1.143009
           C8--H8     1.121292
          C10--H10    1.072559
______________________________


===========
Bond Angles
===========

. Atom B of Angle(A--B--C) is the middle atom.


No. of bond angles .... 43

_________________________________________

  A--B--C     A---B---C    Angle(A--B--C)
                                  /degree
_________________________________________

  O--C--C    O4---C4--C3A      123.010192
             O4---C4--C4A      121.838274
             O9---C9--C8A      117.500013
             O9---C9--C9A      123.478075
            O10--C10--C1       124.776250

  O--C--H   O10--C10--H10      114.884293

  C--O--H    C9---O9--H9       109.612164

  C--C--C    C1---C2--C3       109.213916
             C1--C9A--C3A      106.756498
             C1--C9A--C9       131.203269
             C2---C1--C9A      107.363523
             C2---C1--C10      125.272900
             C2---C3--C3A      107.650963
             C3--C3A--C4       129.221454
             C3--C3A--C9A      109.015096
            C3A---C4--C4A      115.129921
            C3A--C9A--C9       122.040162
             C4--C3A--C9A      121.762478
             C4--C4A--C5       118.754488
             C4--C4A--C8A      121.766010
            C4A---C5--C6       120.138596
            C4A--C8A--C8       119.930150
            C4A--C8A--C9       120.230567
             C5--C4A--C8A      119.476155
             C5---C6--C7       120.300071
             C6---C7--C8       120.061024
             C7---C8--C8A      120.068608
             C8--C8A--C9       119.824161
            C8A---C9--C9A      119.021901
            C9A---C1--C10      127.335440

  C--C--H    C1---C2--H2       129.779592
             C1--C10--H10      119.939920
             C2---C3--H3       124.378786
             C3---C2--H2       120.992844
            C3A---C3--H3       127.968644
            C4A---C5--H5       118.177732
             C5---C6--H6       114.329104
             C6---C5--H5       121.299991
             C6---C7--H7       120.190094
             C7---C6--H6       125.295519
             C7---C8--H8       117.519477
             C8---C7--H7       119.666722
            C8A---C8--H8       122.398790
_________________________________________


==============
Torsion angles
==============

. The angle shown is the one that looking down B->C
  i.e. it's the one between r(A)-r(B) and r(D)-r(C)

. The angle is +ve if r(D)-r(C) is clockwise of r(A)-r(B)


No. of torsion angles .... 66

____________________________________________________

  A--B--C--D     A---B----C---D    Angle(A--B--C--D)
                                             /degree
____________________________________________________

  O--C--C--C    O4---C4--C3A--C9A         180.000000
                O4---C4--C4A--C5            0.428323
                O4---C4--C4A--C8A         180.000000

  C--C--O--H   C8A---C9---O9--H9         -177.407246
               C9A---C9---O9--H9            2.555192

  C--C--C--O    C1--C9A---C9--O9            1.660364
                C2---C1--C10--O10         177.698496
                C3--C3A---C4--O4            0.290522
               C3A--C9A---C9--O9         -178.229170
               C4A--C8A---C9--O9          177.893165
                C8--C8A---C9--O9           -3.522283
               C9A---C1--C10--O10           0.000000

  C--C--C--C    C1---C2---C3--C3A           0.000000
                C1--C9A--C3A--C3            0.000000
                C1--C9A--C3A--C4         -179.670147
                C1--C9A---C9--C8A        -178.377739
                C2---C1--C9A--C3A           0.000000
                C2---C1--C9A--C9         -180.000000
                C2---C3--C3A--C4          179.626352
                C2---C3--C3A--C9A           0.000000
                C3---C2---C1--C9A           0.000000
                C3---C2---C1--C10        -178.205776
                C3--C3A---C4--C4A         178.625799
                C3--C3A--C9A--C9          180.000000
               C3A---C4--C4A--C5         -177.928450
               C3A---C4--C4A--C8A           1.402257
               C3A--C9A---C1--C10         178.148231
               C3A--C9A---C9--C8A           1.732728
                C4--C3A--C9A--C9            0.000000
                C4--C4A---C5--C6          177.391842
                C4--C4A--C8A--C8         -178.118553
                C4--C4A--C8A--C9            0.464493
               C4A---C4--C3A--C9A          -1.773972
               C4A---C5---C6--C7            1.585089
               C4A--C8A---C8--C7            0.000000
               C4A--C8A---C9--C9A          -2.071005
                C5--C4A--C8A--C8            1.207442
                C5--C4A--C8A--C9          180.000000
                C5---C6---C7--C8           -0.449811
                C6---C5--C4A--C8A          -1.954514
                C6---C7---C8--C8A          -0.298420
                C7---C8--C8A--C9         -178.675228
                C8--C8A---C9--C9A         176.513547
                C9--C9A---C1--C10          -1.753977

  C--C--C--H    C1---C2---C3--H3         -179.549318
                C2---C1--C10--H10           5.336767
                C4--C4A---C5--H5            4.409071
               C4A---C5---C6--H6         -175.423186
               C4A--C8A---C8--H8         -178.735318
                C5---C6---C7--H7         -177.143162
                C6---C7---C8--H8          178.415294
               C9A---C1--C10--H10        -172.485881

  H--C--C--C    H2---C2---C1--C9A        -178.660316
                H2---C2---C1--C10           3.153417
                H2---C2---C3--C3A         178.802538
                H3---C3--C3A--C4           -0.823444
                H3---C3--C3A--C9A         179.536074
                H5---C5--C4A--C8A        -174.937286
                H5---C5---C6--C7          174.344722
                H6---C6---C7--C8          176.209826
                H7---C7---C8--C8A         176.412293
                H8---C8--C8A--C9            2.675838

  H--C--C--H    H2---C2---C3--H3           -0.767817
                H5---C5---C6--H6           -2.663554
                H6---C6---C7--H7           -0.483526
                H7---C7---C8--H8           -4.873993
____________________________________________________


===================
Gaussian basis sets
===================

Basis name ................ STO-3G

No. of basis sets ......... 3
No. of shells ............. 59
No. of shell pairs ........ 1770
No. of basis functions .... 93
No. of primitives ......... 279


Basis set C:STO-3G

No. of shells ............. 3
No. of basis functions .... 5
No. of primitives ......... 15
_________________________________

 -L-   Fn   Exponent  Contraction
        #        /au          /au
_________________________________

  s     1  71.616837     0.154329
           13.045096     0.535328
            3.530512     0.444635
  s     2   2.941249    -0.099967
            0.683483     0.399513
            0.222290     0.700115
  p     3   2.941249     0.155916
            0.683483     0.607684
            0.222290     0.391957
_________________________________


Basis set H:STO-3G

No. of shells ............. 1
No. of basis functions .... 1
No. of primitives ......... 3
________________________________

 -L-   Fn  Exponent  Contraction
        #       /au          /au
________________________________

  s     1  3.425251     0.154329
           0.623914     0.535328
           0.168855     0.444635
________________________________


Basis set O:STO-3G

No. of shells ............. 3
No. of basis functions .... 5
No. of primitives ......... 15
__________________________________

 -L-   Fn    Exponent  Contraction
        #         /au          /au
__________________________________

  s     1  130.709320     0.154329
            23.808861     0.535328
             6.443608     0.444635
  s     2    5.033151    -0.099967
             1.169596     0.399513
             0.380389     0.700115
  p     3    5.033151     0.155916
             1.169596     0.607684
             0.380389     0.391957
__________________________________



=====================
Unit cell information
=====================

. Lengths are in Angstrom
. Angles  are in degrees

a cell parameter ............    3.7170(10)
b cell parameter ............     19.513(6)
c cell parameter ............     13.440(4)
Cell volume .................      967.3(5)

alpha angle .................  90.000000(0)
beta  angle .................     97.107(5)
gamma angle .................  90.000000(0)

a* cell parameter (A^-1) .... 0.271117
b* cell parameter (A^-1) .... 0.051248
c* cell parameter (A^-1) .... 0.074981

alpha* angle (degree) ....... 90.000000
beta*  angle (degree) ....... 82.893000
gamma* angle (degree) ....... 90.000000

Direct cell matrix

             1          2          3

  1   3.717000   0.000000  -1.662833
  2   0.000000  19.513000   0.000000
  3   0.000000   0.000000  13.336738

Reciprocal cell matrix

             1          2          3

  1   0.269034   0.000000   0.000000
  2   0.000000   0.051248   0.000000
  3   0.033543   0.000000   0.074981


======================
Spacegroup information
======================

International Table no. .... 14
IT symbol .................. 14:b2
Hermann-Mauguin symbol ..... P 1 21/n 1
Hall symbol ................ -p 2yn
Schoenflies symbol ......... c2h^5
Lattice symbol ............. P
Lattice type ............... Monoclinic

Spacegroup order ........... 4
Centro-symmetric? .......... T
Axis orders ................   2   1   1   1
Axis direction symbols .....   y   _   _   _
Axis direction indices .....   2   0   0   0
Translation subscripts ..... n__ ___ ___
No of T generators ......... 2
No of R generators ......... 1
No of Generators ........... 3
Origin shift in 12-ths .....   0   0   0


===================
Symmetry operations
===================

_____________________________

  #          Symop
_____________________________

  1        +x, +y, +z
  2        -x, -y, -z
  3  -x+1/2, +y+1/2, -z+1/2
  4  +x+1/2, -y+1/2, +z+1/2
_____________________________


===============================
Spacegroup multiplication table
===============================

. The element in the table is product(i,j) where:

     product(i,j) = symop(i) x symop(j)

  where i and j are row and column indices, respectively
  and the product is modulo an integer shift vector.

_______________

  #  1  2  3  4
_______________

  1  1  2  3  4
  2  2  1  4  3
  3  3  4  1  2
  4  4  3  2  1
_______________


==============================
Spacegroup symop inverse table
==============================
____________

  #  Inverse
       symop
____________

  1        1
  2        2
  3        3
  4        4
____________


====================================
Inversion-translation-related symops
====================================

. The information in this table is used to speed up
  structure factor calculations since the Fourier transform
  of densities related by such related symops are related by
  complex conjugation and/or a multiplicative phase factor

_____________________________________

  # Related to   Related to   Unique
     Inversion   Translation  symop?
    of symop #   of symop #
_____________________________________

  1      0            1        yes
  2      1            2         no
  3      0            3        yes
  4      3            4         no
_____________________________________

========================
Cartesian Seitz matrices
========================

matrix .... 1

      1.000   0.000   0.000
      0.000   1.000   0.000
      0.000   0.000   1.000

matrix .... 2

     -1.000   0.000   0.000
      0.000  -1.000   0.000
      0.000   0.000  -1.000

matrix .... 3

     -1.000   0.000   0.000
      0.000   1.000   0.000
      0.000   0.000  -1.000

matrix .... 4

      1.000   0.000   0.000
      0.000  -1.000   0.000
      0.000   0.000   1.000


===============
Asymmetric unit
===============

Asymmetric unit source .......... from-cif
No. of asymmetric unit atoms .... 25

__________________________________________________________

   #   ID         x          y         z  Site  Stabilizer
                                          symm      symops
                         /frac            fact
__________________________________________________________

   1   C1  0.599200   0.209200  0.935900     1    1
   2   C2  0.735300   0.262100  0.881100     1    1
   3   H2  0.833000   0.308000  0.904000     1    1
   4   C3  0.727000   0.241400  0.779900     1    1
   5   H3  0.823000   0.274000  0.719000     1    1
   6  C3A  0.584900   0.175300  0.771700     1    1
   7   C4  0.518400   0.131200  0.683100     1    1
   8   O4  0.586400   0.148640  0.600200     1    1
   9  C4A  0.369600   0.061800  0.701700     1    1
  10   C5  0.309600   0.015700  0.621700     1    1
  11   H5  0.399000   0.032000  0.544000     1    1
  12   C6  0.185500  -0.050100  0.637400     1    1
  13   H6  0.168000  -0.083000  0.572000     1    1
  14   C7  0.111400  -0.070100  0.732400     1    1
  15   H7  0.022000  -0.125000  0.746000     1    1
  16   C8  0.164200  -0.024100  0.812500     1    1
  17   H8  0.094000  -0.042000  0.887000     1    1
  18  C8A  0.292300   0.041600  0.797800     1    1
  19   C9  0.354600   0.089100  0.882500     1    1
  20   O9  0.268400   0.068600  0.967900     1    1
  21  C9A  0.502200   0.153600  0.867500     1    1
  22  C10  0.556900   0.212100  1.039200     1    1
  23  H10  0.610000   0.259000  1.080000     1    1
  24  O10  0.425200   0.165500  1.086600     1    1
  25   H9  0.320000   0.112000  1.026000     1    1
__________________________________________________________


================
Crystal fragment
================

. Ab initio calculations are performed on the fragment
  to obtain structure factors, charges, etc.

. The fragment need not be an asymmetric unit.

. Repeated atoms are assigned a 'repetition factor' which
  is used to scale the structure factor contribution from
  that atom. You can manually reset this.

. Only the unique atoms in the fragment have their
  positions and ADPs refined.

. The Z factor for the crystal is defined with respect to
  the no. of electrons in the fragment


No. of fragment atoms ........... 25
No. of unique fragment atoms .... 25
Z factor ........................ 4.000000

Fragment partition model ........ mulliken
Thermal smearing model .......... hirshfeld


QM fragment geometry:

__________________________________________________________________________________________________

   #   ID  Rep  Site  Uniq   Uniq                Coord            From  Using         Shift
           fac  symm  atom   atom     - x -      - y -     - z -  asym  symop  - x -  - y -  - z -
           tor  fact           ID                /frac            atom                /frac
__________________________________________________________________________________________________

   1   C1    1     1     1      1  0.599200   0.209200  0.935900     1      1    0.0    0.0    0.0
   2   C2    1     1     2      2  0.735300   0.262100  0.881100     2      1    0.0    0.0    0.0
   3   H2    1     1     3      3  0.833000   0.308000  0.904000     3      1    0.0    0.0    0.0
   4   C3    1     1     4      4  0.727000   0.241400  0.779900     4      1    0.0    0.0    0.0
   5   H3    1     1     5      5  0.823000   0.274000  0.719000     5      1    0.0    0.0    0.0
   6  C3A    1     1     6      6  0.584900   0.175300  0.771700     6      1    0.0    0.0    0.0
   7   C4    1     1     7      7  0.518400   0.131200  0.683100     7      1    0.0    0.0    0.0
   8   O4    1     1     8      8  0.586400   0.148640  0.600200     8      1    0.0    0.0    0.0
   9  C4A    1     1     9      9  0.369600   0.061800  0.701700     9      1    0.0    0.0    0.0
  10   C5    1     1    10     10  0.309600   0.015700  0.621700    10      1    0.0    0.0    0.0
  11   H5    1     1    11     11  0.399000   0.032000  0.544000    11      1    0.0    0.0    0.0
  12   C6    1     1    12     12  0.185500  -0.050100  0.637400    12      1    0.0    0.0    0.0
  13   H6    1     1    13     13  0.168000  -0.083000  0.572000    13      1    0.0    0.0    0.0
  14   C7    1     1    14     14  0.111400  -0.070100  0.732400    14      1    0.0    0.0    0.0
  15   H7    1     1    15     15  0.022000  -0.125000  0.746000    15      1    0.0    0.0    0.0
  16   C8    1     1    16     16  0.164200  -0.024100  0.812500    16      1    0.0    0.0    0.0
  17   H8    1     1    17     17  0.094000  -0.042000  0.887000    17      1    0.0    0.0    0.0
  18  C8A    1     1    18     18  0.292300   0.041600  0.797800    18      1    0.0    0.0    0.0
  19   C9    1     1    19     19  0.354600   0.089100  0.882500    19      1    0.0    0.0    0.0
  20   O9    1     1    20     20  0.268400   0.068600  0.967900    20      1    0.0    0.0    0.0
  21  C9A    1     1    21     21  0.502200   0.153600  0.867500    21      1    0.0    0.0    0.0
  22  C10    1     1    22     22  0.556900   0.212100  1.039200    22      1    0.0    0.0    0.0
  23  H10    1     1    23     23  0.610000   0.259000  1.080000    23      1    0.0    0.0    0.0
  24  O10    1     1    24     24  0.425200   0.165500  1.086600    24      1    0.0    0.0    0.0
  25   H9    1     1    25     25  0.320000   0.112000  1.026000    25      1    0.0    0.0    0.0
__________________________________________________________________________________________________

=========================
Crystal stabilizer symops
=========================

. The stablizer is the subgroup of symops which
  map the fragment_geometry into itself.

n_stabilizer_symops .... 1

______________

  #  Stablizer
        symops
______________

  1          1
______________


==================
Unit cell geometry
==================

No. of unit cell atoms .... 100

_________________________________________________________________________________

    #   ID               Coord            From  Using  Asym  Made by a  Made by a
               - x -     - y -     - z -  asym  symop  atom  shift frm  symop frm
                         /frac            atom      #     ?  frag atom  frag atom
_________________________________________________________________________________

    1   C1  0.599200  0.209200  0.935900     1      1     T          1          1
    2   C1  0.400800  0.790800  0.064100     1      2     F          0          1
    3   C1  0.900800  0.709200  0.564100     1      3     F          0          1
    4   C1  0.099200  0.290800  0.435900     1      4     F          0          1
    5   C2  0.735300  0.262100  0.881100     2      1     T          2          2
    6   C2  0.264700  0.737900  0.118900     2      2     F          0          2
    7   C2  0.764700  0.762100  0.618900     2      3     F          0          2
    8   C2  0.235300  0.237900  0.381100     2      4     F          0          2
    9   H2  0.833000  0.308000  0.904000     3      1     T          3          3
   10   H2  0.167000  0.692000  0.096000     3      2     F          0          3
   11   H2  0.667000  0.808000  0.596000     3      3     F          0          3
   12   H2  0.333000  0.192000  0.404000     3      4     F          0          3
   13   C3  0.727000  0.241400  0.779900     4      1     T          4          4
   14   C3  0.273000  0.758600  0.220100     4      2     F          0          4
   15   C3  0.773000  0.741400  0.720100     4      3     F          0          4
   16   C3  0.227000  0.258600  0.279900     4      4     F          0          4
   17   H3  0.823000  0.274000  0.719000     5      1     T          5          5
   18   H3  0.177000  0.726000  0.281000     5      2     F          0          5
   19   H3  0.677000  0.774000  0.781000     5      3     F          0          5
   20   H3  0.323000  0.226000  0.219000     5      4     F          0          5
   21  C3A  0.584900  0.175300  0.771700     6      1     T          6          6
   22  C3A  0.415100  0.824700  0.228300     6      2     F          0          6
   23  C3A  0.915100  0.675300  0.728300     6      3     F          0          6
   24  C3A  0.084900  0.324700  0.271700     6      4     F          0          6
   25   C4  0.518400  0.131200  0.683100     7      1     T          7          7
   26   C4  0.481600  0.868800  0.316900     7      2     F          0          7
   27   C4  0.981600  0.631200  0.816900     7      3     F          0          7
   28   C4  0.018400  0.368800  0.183100     7      4     F          0          7
   29   O4  0.586400  0.148640  0.600200     8      1     T          8          8
   30   O4  0.413600  0.851360  0.399800     8      2     F          0          8
   31   O4  0.913600  0.648640  0.899800     8      3     F          0          8
   32   O4  0.086400  0.351360  0.100200     8      4     F          0          8
   33  C4A  0.369600  0.061800  0.701700     9      1     T          9          9
   34  C4A  0.630400  0.938200  0.298300     9      2     F          0          9
   35  C4A  0.130400  0.561800  0.798300     9      3     F          0          9
   36  C4A  0.869600  0.438200  0.201700     9      4     F          0          9
   37   C5  0.309600  0.015700  0.621700    10      1     T         10         10
   38   C5  0.690400  0.984300  0.378300    10      2     F          0         10
   39   C5  0.190400  0.515700  0.878300    10      3     F          0         10
   40   C5  0.809600  0.484300  0.121700    10      4     F          0         10
   41   H5  0.399000  0.032000  0.544000    11      1     T         11         11
   42   H5  0.601000  0.968000  0.456000    11      2     F          0         11
   43   H5  0.101000  0.532000  0.956000    11      3     F          0         11
   44   H5  0.899000  0.468000  0.044000    11      4     F          0         11
   45   C6  0.185500  0.949900  0.637400    12      1     T         12         12
   46   C6  0.814500  0.050100  0.362600    12      2     F          0         12
   47   C6  0.314500  0.449900  0.862600    12      3     F          0         12
   48   C6  0.685500  0.550100  0.137400    12      4     F          0         12
   49   H6  0.168000  0.917000  0.572000    13      1     T         13         13
   50   H6  0.832000  0.083000  0.428000    13      2     F          0         13
   51   H6  0.332000  0.417000  0.928000    13      3     F          0         13
   52   H6  0.668000  0.583000  0.072000    13      4     F          0         13
   53   C7  0.111400  0.929900  0.732400    14      1     T         14         14
   54   C7  0.888600  0.070100  0.267600    14      2     F          0         14
   55   C7  0.388600  0.429900  0.767600    14      3     F          0         14
   56   C7  0.611400  0.570100  0.232400    14      4     F          0         14
   57   H7  0.022000  0.875000  0.746000    15      1     T         15         15
   58   H7  0.978000  0.125000  0.254000    15      2     F          0         15
   59   H7  0.478000  0.375000  0.754000    15      3     F          0         15
   60   H7  0.522000  0.625000  0.246000    15      4     F          0         15
   61   C8  0.164200  0.975900  0.812500    16      1     T         16         16
   62   C8  0.835800  0.024100  0.187500    16      2     F          0         16
   63   C8  0.335800  0.475900  0.687500    16      3     F          0         16
   64   C8  0.664200  0.524100  0.312500    16      4     F          0         16
   65   H8  0.094000  0.958000  0.887000    17      1     T         17         17
   66   H8  0.906000  0.042000  0.113000    17      2     F          0         17
   67   H8  0.406000  0.458000  0.613000    17      3     F          0         17
   68   H8  0.594000  0.542000  0.387000    17      4     F          0         17
   69  C8A  0.292300  0.041600  0.797800    18      1     T         18         18
   70  C8A  0.707700  0.958400  0.202200    18      2     F          0         18
   71  C8A  0.207700  0.541600  0.702200    18      3     F          0         18
   72  C8A  0.792300  0.458400  0.297800    18      4     F          0         18
   73   C9  0.354600  0.089100  0.882500    19      1     T         19         19
   74   C9  0.645400  0.910900  0.117500    19      2     F          0         19
   75   C9  0.145400  0.589100  0.617500    19      3     F          0         19
   76   C9  0.854600  0.410900  0.382500    19      4     F          0         19
   77   O9  0.268400  0.068600  0.967900    20      1     T         20         20
   78   O9  0.731600  0.931400  0.032100    20      2     F          0         20
   79   O9  0.231600  0.568600  0.532100    20      3     F          0         20
   80   O9  0.768400  0.431400  0.467900    20      4     F          0         20
   81  C9A  0.502200  0.153600  0.867500    21      1     T         21         21
   82  C9A  0.497800  0.846400  0.132500    21      2     F          0         21
   83  C9A  0.997800  0.653600  0.632500    21      3     F          0         21
   84  C9A  0.002200  0.346400  0.367500    21      4     F          0         21
   85  C10  0.556900  0.212100  0.039200    22      1     T         22         22
   86  C10  0.443100  0.787900  0.960800    22      2     F          0         22
   87  C10  0.943100  0.712100  0.460800    22      3     F          0         22
   88  C10  0.056900  0.287900  0.539200    22      4     F          0         22
   89  H10  0.610000  0.259000  0.080000    23      1     T         23         23
   90  H10  0.390000  0.741000  0.920000    23      2     F          0         23
   91  H10  0.890000  0.759000  0.420000    23      3     F          0         23
   92  H10  0.110000  0.241000  0.580000    23      4     F          0         23
   93  O10  0.425200  0.165500  0.086600    24      1     T         24         24
   94  O10  0.574800  0.834500  0.913400    24      2     F          0         24
   95  O10  0.074800  0.665500  0.413400    24      3     F          0         24
   96  O10  0.925200  0.334500  0.586600    24      4     F          0         24
   97   H9  0.320000  0.112000  0.026000    25      1     T         25         25
   98   H9  0.680000  0.888000  0.974000    25      2     F          0         25
   99   H9  0.180000  0.612000  0.474000    25      3     F          0         25
  100   H9  0.820000  0.388000  0.526000    25      4     F          0         25
_________________________________________________________________________________

keyword found --> scfdata=

keyword found --> {

keyword found --> initial_density=

keyword found --> kind=

keyword found --> use_sc_cluster_charges=

keyword found --> convergence=

keyword found --> diis=

keyword found --> {

keyword found --> convergence_tolerance=

keyword found --> }

keyword found --> }

Making gaussian ANO data ...

Making gaussian ANO interpolators ...

keyword found --> scf

====================================
Basis set linear dependence analysis
====================================

. Linear dependence is detected by small overlap matrix eigenvalues

. Overlap matrix eigenfunctions with eigenvalues less than the
  linear_dependence_tolerance are projected out of the AO basis
  leading to, in this case, some exact-zero MO eigenvalues.

Min. overlap matrix eigenvalue .... 0.171997E+00
Linear dependence tolerance ....... 0.100000E-04
Linear dependence shift ........... 0.100000E+13
No. of small eigenvalues .......... 0
No. of negative eigenvalues ....... 0

_________________________

  #  log10 |eig|  # < max
      max. value
_________________________

  1     0.000000       53
  2     1.000000       40
_________________________


===============
SCF calculation
===============

SCF kind .......................... rhf

Initial guess options:

Kind of initial density ........... promolecule
Kind of initial MO's .............. --using density--

SCF termination options:

Delta E convergence tolerance ..... 0.100000E-02
Gradient/DIIS convergence ......... 0.200000E-03
Minimum # of iterations ........... 1
Maximum # of iterations ........... 100

Linear dependence options:

Linear dependence tolerance ....... 0.100000E-04
Linear dependence shift ........... 0.100000E+13
Min. overlap matrix eigenvalue .... 0.171997E+00
No. of small S eigenvalues ........ 0
No. of neg.  S eigenvalues ........ 0

Convergence acceleration options:

Using level shift ................. T
Level shift ....................... 0.300000
Level shift  quits at ............. 3
Using density damping ............. T
Damping factor .................... 0.500000
Damping quits at .................. 3
Using DIIS ........................ T

DIIS options:

Convergence on max(abs(error)) .... 0.200000E-03
Extrapolate  from iteration ....... 3
Save vectors from iteration ....... 1
No. of vectors to keep ............ 8
Replace the vector which is ....... worst

======================
Initial guess energies
======================

Total energy (E_e+V_NN)   E .......  -749.388853
Total electronic energy   E_e ..... -1854.359693
Nuclear repulsion energy  V_NN ....  1104.970839
Electron repulsion energy V_ee ....  1367.294554
Nuclear attraction energy V_eN .... -3967.711417
Total potential energy    V ....... -1495.446024
Kinetic energy            T .......   746.057170
Virial ratio             -V/T .....     2.004466

==============
SCF iterations
==============
_____________________________________________

  Iter       Energy        Delta         DIIS
               E/au            E     Gradient
_____________________________________________

     0  -749.388853  -749.388853     0.709553   *Damping on
                                                *Levelshift on
     1  -749.699893    -0.311039     0.225207
     2  -749.733940    -0.034047     0.091173   *DIIS starts saving now
     3  -749.740929    -0.006989     0.043742   *Damping was off
                                                *Levelshift was off
                                                *DIIS extrapolates now
     4  -749.744208    -0.003279     0.015561
     5  -749.744591    -0.000383     0.008354   *Difference has converged
     6  -749.744711    -0.000120     0.002343
     7  -749.744721    -0.000011     0.001159
     8  -749.744724    -0.000003     0.000434
_____________________________________________

* * * SCF has converged * * *
_____________________________________________

===========
SCF results
===========

Total energy (E_e+V_NN)   E .......  -749.744725
Total electronic energy   E_e ..... -1854.715564
Nuclear repulsion energy  V_NN ....  1104.970839
Electron repulsion energy V_ee ....  1369.236404
Nuclear attraction energy V_eN .... -3967.213046
Total potential energy    V ....... -1493.005803
Kinetic energy            T .......   743.261078
Virial ratio             -V/T .....     2.008723

keyword found --> scfdata=

keyword found --> {

keyword found --> initial_mos=

keyword found --> kind=

keyword found --> use_sc_cluster_charges=

keyword found --> convergence=

keyword found --> diis=

keyword found --> {

keyword found --> convergence_tolerance=

keyword found --> }

keyword found --> }

keyword found --> refine_hirshfeld_atoms

Making F_pred ...

Pruning reflections with F_pred/F_calc for refinement ...

Starting refinement ...

==============================================
Crystal structure refinement (non-rigid atoms)
==============================================

Repeated SCF/rigid hirshfeld atom fits are performed
which eventually removes the rigid atom constraint.

Agreement statistics are shown at the start and end
of each 'micro' rigid fit cycle.

Convergence criteria for each fit-cycle are the same
as for convergence of the overall refinement


Refine hydrogen ADP's .......... T
Refine hydrogen U_iso .......... F
Refine only ADP's .............. F
Refine only positions .......... F

Refine scale factor ............ T
Refine multiple scales ......... F
Refine extinction parameter .... F
Use dispersion correction ...... F

Max allowed parameter shift .... 0.010000
Max iterations ................. 100
Min iterations ................. 2

Conv. tol. for shift on esd .... 0.010000
Nearly zero tolerance .......... 0.001000

Initial asymmetric unit parameter values:

______________________________________________________

   #   ID    Z       - x -         - y -         - z -
           /au                        /A
______________________________________________________

   1   C1  6.0   0.6710(4)   4.08212(11)  12.48185(11)
   2   C2  6.0   1.2680(4)   5.11436(11)  11.75100(11)
   3   H2  1.0   1.593(5)    6.0100(11)   12.0564(11)
   4   C3  6.0   1.4054(4)   4.71044(11)  10.40132(11)
   5   H3  1.0   1.864(4)    5.3466(5)     9.5891(11)
   6  C3A  6.0   0.8909(4)   3.42063(5)   10.29196(11)
   7   C4  6.0   0.7910(4)   2.56011(5)    9.11033(11)
   8   O4  8.0   1.1816(3)   2.90041(5)    8.00471(5)
   9  C4A  6.0   0.2070(4)   1.20590(5)    9.35839(11)
  10   C5  6.0   0.1170(4)   0.30635(11)   8.29145(11)
  11   H5  1.0   0.579(4)    0.6244(5)     7.2552(11)
  12   C6  6.0  -0.3704(4)  -0.97760(11)   8.50084(11)
  13   H6  1.0  -0.327(5)   -1.6196(11)    7.6286(11)
  14   C7  6.0  -0.8038(4)  -1.36786(11)   9.76783(11)
  15   H7  1.0  -1.159(4)   -2.4391(11)    9.9492(11)
  16   C8  6.0  -0.7407(4)  -0.47026(11)  10.83610(11)
  17   H8  1.0  -1.126(4)   -0.8195(5)    11.8297(11)
  18  C8A  6.0  -0.2401(4)   0.81174(5)   10.64005(11)
  19   C9  6.0  -0.1494(4)   1.73861(5)   11.76967(11)
  20   O9  8.0  -0.6118(3)   1.33859(5)   12.90863(5)
  21  C9A  6.0   0.4242(4)   2.99720(5)   11.56962(11)
  22  C10  6.0   0.3420(5)   4.13871(11)  13.85954(11)
  23  H10  1.0   0.472(5)    5.0539(11)   14.4037(16)
  24  O10  8.0  -0.2264(3)   3.22940(5)   14.49170(5)
  25   H9  1.0  -0.517(5)    2.1855(11)   13.6835(16)
______________________________________________________
__________________________________________________________________________________________________________________

   #   ID        U_xx        U_yy        U_zz            U_xy            U_xz            U_yz  NPD  Flat      Axis
                                         /A^2                                                    ?     ?     ratio
__________________________________________________________________________________________________________________

   1   C1  0.0265(16)  0.024(2)    0.022(2)     0.0039(9)      -0.0017(18)      0.0010(10)       F     F  1.497025
   2   C2  0.0300(16)  0.022(2)    0.032(2)    -0.0011(18)      0.0000(18)      0.001(2)         F     F  1.476254
   3   H2  0.070(10)   0.070(10)   0.070(10)    0.00000000(0)  -0.0007(8)       0.00000000(0)    F     F  1.019330
   4   C3  0.0301(16)  0.020(2)    0.027(2)     0.0009(8)       0.0037(18)      0.001(2)         F     F  1.648374
   5   H3  0.024(8)    0.024(8)    0.024(8)     0.00000000(0)   0.000031(10)    0.00000000(0)    F     F  1.002598
   6  C3A  0.0265(18)  0.020(2)    0.020(2)     0.0037(9)       0.0025(8)       0.0030(10)       F     F  1.744474
   7   C4  0.0265(18)  0.027(2)    0.021(2)     0.0053(9)       0.0024(8)       0.0060(10)       F     F  2.019344
   8   O4  0.0450(8)   0.0330(10)  0.0200(10)   0.0024(9)       0.0096(9)       0.0050(10)       F     F  3.115751
   9  C4A  0.0232(18)  0.024(2)    0.024(2)     0.0030(9)      -0.0010(8)       0.0000(10)       F     F  1.313565
  10   C5  0.0331(16)  0.027(2)    0.025(2)     0.0026(18)     -0.0041(18)     -0.005(2)         F     F  1.787860
  11   H5  0.019(7)    0.019(7)    0.019(7)     0.00000000(0)   0.00005(3)      0.00000000(0)    F     F  1.005282
  12   C6  0.0370(16)  0.029(2)    0.030(2)     0.0049(18)     -0.0037(18)     -0.007(2)         F     F  1.915134
  13   H6  0.060(10)   0.060(10)   0.060(10)    0.00000000(0)0.00058110(-2390   0.00000000(0)    F     F  1.019737
  14   C7  0.0361(16)  0.026(2)    0.036(2)    -0.0019(18)     -0.0085(18)     -0.001(2)         F     F  1.814786
  15   H7  0.050(10)   0.050(10)   0.050(10)    0.00000000(0)-0.00018758(-239   0.00000000(0)    F     F  1.007586
  16   C8  0.0296(16)  0.023(2)    0.027(2)    -0.0031(18)     -0.0024(18)      0.001(2)         F     F  1.478787
  17   H8  0.026(8)    0.026(8)    0.026(8)     0.00000000(0)  -0.000218(10)    0.00000000(0)    F     F  1.017062
  18  C8A  0.0234(18)  0.022(2)    0.020(2)    -0.0001(9)      -0.0015(8)       0.0010(10)       F     F  1.257202
  19   C9  0.0232(18)  0.022(2)    0.021(2)     0.0016(9)      -0.0006(8)       0.0030(10)       F     F  1.390768
  20   O9  0.0361(8)   0.0260(10)  0.0200(10)  -0.0016(9)       0.0046(9)       0.0050(10)       F     F  2.328801
  21  C9A  0.0234(18)  0.023(2)    0.018(2)     0.0016(9)      -0.0012(8)       0.0030(10)       F     F  1.555929
  22  C10  0.0371(16)  0.031(2)    0.021(2)     0.0030(18)      0.0004(18)      0.000(2)         F     F  1.829194
  23  H10  0.060(10)   0.060(10)   0.060(10)    0.00000000(0)0.00058110(-2390   0.00000000(0)    F     F  1.019737
  24  O10  0.0466(8)   0.0310(10)  0.0220(10)  -0.0010(9)       0.0033(9)       0.0000(10)       F     F  2.182741
  25   H9  0.040(10)   0.040(10)   0.040(10)    0.00000000(0)0.00005149(-2390   0.00000000(0)    F     F  1.002598
__________________________________________________________________________________________________________________

================
Begin refinement
================

________________________________________________________________________________________________

  Ref.  No of         chi2         chi2         R       R_w        Max.     Max.  No. of  No. of
  Iter    Fit      initial        final                           Shift    Shift  params   eig's
        iters                                                      /esd    param          near 0
________________________________________________________________________________________________

     1      9     5.108280     2.141849  0.044529  0.027331    6.909450    O4 pz     226       0
     2      7     2.164933     2.145857  0.044473  0.027357    0.719455   O10 py     226       0
     3      4     2.145717     2.145429  0.044471  0.027354    0.107177   O10 py     226       0
     4      2     2.145522     2.145517  0.044471  0.027354    0.013499    O9 pz     226       0
     5      2     2.145521     2.145521  0.044471  0.027354    0.001097   O10 py     226       0
________________________________________________________________________________________________

============================
Structure refinement results
============================

Structure refinement converged.

Model statistics based on structure factors:

R_sigma(F) ........................ 0.054597
R_sigma(F2) ....................... 0.002083
R(F) .............................. 0.044471
R(F2) ............................. 0.051963
Rw(F) ............................. 0.027354
Rw(F2) ............................ 0.055791
# of reflections,    N_r .......... 904
# of fit parameters, N_p .......... 226
chi^2(N_p) ........................ 2.145521
Goodness of fit (N_p) ............. 1.464760
Effective (mean) sigma^2 .......... 0.123230
Scale factor ...................... 0.627709


Final asymmetric unit parameter values:

_________________________________________________

   #   ID    Z        - x -      - y -      - z -
           /au                      /A
_________________________________________________

   1   C1  6.0   0.669(3)     4.081(4)  12.486(3)
   2   C2  6.0   1.271(3)     5.115(4)  11.756(4)
   3   H2  1.0   1.61(4)      6.07(5)   12.17(3)
   4   C3  6.0   1.405(3)     4.709(4)  10.396(4)
   5   H3  1.0   1.91(2)      5.37(3)    9.59(3)
   6  C3A  6.0   0.888(3)     3.419(4)  10.292(3)
   7   C4  6.0   0.792(3)     2.557(4)   9.113(3)
   8   O4  8.0   1.180(2)     2.895(2)   8.020(2)
   9  C4A  6.0   0.202(3)     1.203(4)   9.356(3)
  10   C5  6.0   0.115(3)     0.301(4)   8.309(4)
  11   H5  1.0   0.52(3)      0.49(3)    7.38(3)
  12   C6  6.0  -0.372(3)    -0.974(5)   8.507(4)
  13   H6  1.0  -0.36(3)     -1.64(3)    7.73(5)
  14   C7  6.0  -0.795(4)    -1.364(5)   9.773(4)
  15   H7  1.0  -1.16(3)     -2.28(5)    9.92(4)
  16   C8  6.0  -0.739(3)    -0.470(4)  10.832(4)
  17   H8  1.0  -1.14(2)     -0.82(3)   11.85(3)
  18  C8A  6.0  -0.243(3)     0.810(3)  10.637(3)
  19   C9  6.0  -0.150(3)     1.744(3)  11.765(3)
  20   O9  8.0  -0.6073(19)   1.354(3)  12.905(2)
  21  C9A  6.0   0.423(3)     2.994(3)  11.571(3)
  22  C10  6.0   0.334(4)     4.135(5)  13.856(4)
  23  H10  1.0   0.42(3)      4.97(5)   14.35(6)
  24  O10  8.0  -0.220(2)     3.238(3)  14.477(2)
  25   H9  1.0  -0.48(4)      2.27(3)   13.69(4)
_________________________________________________
______________________________________________________________________________________________________________

   #   ID         U_xx         U_yy         U_zz         U_xy         U_xz         U_yz  NPD  Flat        Axis
                                            /A^2                                           ?     ?       ratio
______________________________________________________________________________________________________________

   1   C1   0.0196(18)   0.026(2)     0.021(2)     0.0053(14)  -0.0042(14)   0.0017(16)    F     F    2.081513
   2   C2   0.0252(19)   0.022(3)     0.028(3)     0.0052(15)  -0.0014(14)   0.004(2)      F     F    1.831271
   3   H2   0.21(5)      0.03(4)     -0.01(3)      0.05(3)      0.01(2)      0.00(2)       T     T  -23.516930
   4   C3   0.0232(19)   0.019(2)     0.030(3)     0.0034(15)   0.0002(15)  -0.0023(18)    F     F    1.860988
   5   H3   0.029(19)    0.06(3)      0.04(2)      0.038(16)    0.040(17)    0.07(2)       T     T   -7.098430
   6  C3A   0.0218(18)   0.019(2)     0.020(2)     0.0040(13)   0.0013(13)   0.0045(16)    F     F    1.864670
   7   C4   0.0245(19)   0.025(2)     0.020(2)     0.0072(14)   0.0018(13)   0.0077(16)    F     F    2.606415
   8   O4   0.0487(16)   0.0299(18)   0.0176(16)   0.0006(10)   0.0094(10)   0.0041(12)    F     F    3.667420
   9  C4A   0.0192(17)   0.022(2)     0.0202(19)   0.0031(13)  -0.0007(13)   0.0000(16)    F     F    1.400014
  10   C5   0.029(2)     0.030(3)     0.023(2)     0.0048(17)  -0.0040(16)  -0.002(2)      F     F    1.716377
  11   H5   0.015(19)    0.03(2)      0.05(3)     -0.017(14)   -0.028(16)   -0.01(2)       T     T   -8.132047
  12   C6   0.033(2)     0.024(3)     0.032(3)     0.0029(16)  -0.0050(16)  -0.008(2)      F     F    2.137887
  13   H6   0.16(4)     -0.03(2)      0.08(4)     -0.006(17)   -0.04(2)      0.02(2)       T     T   -4.867960
  14   C7   0.031(2)     0.024(3)     0.035(3)    -0.0018(17)  -0.0059(17)   0.001(2)      F     F    1.705294
  15   H7   0.07(3)      0.09(4)      0.03(3)     -0.05(2)     -0.046(18)    0.01(2)       T     T  -39.850834
  16   C8   0.0249(19)   0.022(2)     0.026(2)    -0.0013(15)  -0.0040(15)  -0.0018(19)    F     F    1.515635
  17   H8  -0.011(15)    0.04(2)      0.02(2)      0.014(12)   -0.018(12)   -0.009(17)     T     F   -2.448671
  18  C8A   0.0163(17)   0.022(2)     0.019(2)    -0.0003(13)  -0.0027(12)   0.0017(15)    F     F    1.591816
  19   C9   0.0187(18)   0.021(2)     0.019(2)     0.0022(13)   0.0016(13)   0.0061(16)    F     F    1.982370
  20   O9   0.0318(14)   0.0261(17)   0.0227(14)  -0.0005(10)   0.0035(9)    0.0072(13)    F     F    2.069913
  21  C9A   0.0189(17)   0.021(2)     0.0169(19)   0.0042(13)  -0.0019(12)   0.0020(16)    F     F    1.807790
  22  C10   0.033(2)     0.028(3)     0.020(2)     0.002(2)     0.0020(16)   0.003(2)      F     F    1.777288
  23  H10   0.03(2)      0.04(3)      0.19(7)     -0.02(2)     -0.06(3)      0.06(3)       F     T   21.632708
  24  O10   0.0421(15)   0.0320(18)   0.0198(15)   0.0021(12)   0.0039(10)   0.0004(14)    F     F    2.257105
  25   H9   0.14(4)     -0.06(2)      0.01(3)      0.008(15)   -0.005(19)   -0.05(2)       T     F   -1.548975
______________________________________________________________________________________________________________


============
Bond lengths
============

. The bond-detection criteria is the same as used
  by the Cambridge Structural Database (CSD).

No. of bonds .... 28

______________________________

  A--B      A--B       R(A--B)
                            /A
______________________________

  O--C     O4--C4     1.208(3)
           O9--C9     1.289(4)
          O10--C10    1.223(5)

  O--H     O9--H9      1.22(4)
          O10--H9      1.27(4)

  C--C     C1--C2     1.401(5)
           C1--C9A    1.442(4)
           C1--C10    1.412(5)
           C2--C3     1.425(5)
           C3--C3A    1.393(5)
          C3A--C4     1.464(4)
          C3A--C9A    1.426(4)
           C4--C4A    1.496(5)
          C4A--C5     1.385(5)
          C4A--C8A    1.412(4)
           C5--C6     1.379(6)
           C6--C7     1.390(5)
           C7--C8     1.387(5)
           C8--C8A    1.386(5)
          C8A--C9     1.468(5)
           C9--C9A    1.388(4)

  C--H     C2--H2      1.10(5)
           C3--H3      1.16(2)
           C5--H5      1.03(3)
           C6--H6      1.02(4)
           C7--H7      1.00(4)
           C8--H8      1.15(3)
          C10--H10     0.97(5)
______________________________


===========
Bond Angles
===========

Atom B of Angle(A--B--C) is the middle atom.


No. of bond angles .... 45

_________________________________________

  A--B--C     A---B---C    Angle(A--B--C)
                                  /degree
_________________________________________

  O--C--C    O4---C4--C3A        122.8(3)
             O4---C4--C4A        121.8(3)
             O9---C9--C8A        117.7(3)
             O9---C9--C9A        122.8(3)
            O10--C10--C1         124.9(4)

  O--C--H   O10--C10--H10          114(3)

  O--H--O    O9---H9--O10          174(3)

  C--O--H    C9---O9--H9        107.8(18)
            C10--O10--H9        109.6(18)

  C--C--C    C1---C2--C3         109.1(4)
             C1--C9A--C3A        106.7(3)
             C1--C9A--C9         131.4(3)
             C2---C1--C9A        107.4(3)
             C2---C1--C10        125.4(4)
             C2---C3--C3A        107.5(3)
             C3--C3A--C4         129.1(3)
             C3--C3A--C9A        109.3(3)
            C3A---C4--C4A        115.4(3)
            C3A--C9A--C9         121.9(3)
             C4--C3A--C9A        121.7(3)
             C4--C4A--C5         119.5(3)
             C4--C4A--C8A        121.6(3)
            C4A---C5--C6         121.1(4)
            C4A--C8A--C8         119.9(3)
            C4A--C8A--C9         120.0(3)
             C5--C4A--C8A        119.0(3)
             C5---C6--C7         119.8(4)
             C6---C7--C8         120.2(4)
             C7---C8--C8A        120.1(4)
             C8--C8A--C9         120.1(3)
            C8A---C9--C9A        119.5(3)
            C9A---C1--C10        127.1(3)

  C--C--H    C1---C2--H2        125.4(18)
             C1--C10--H10        120(3)
             C2---C3--H3        122.8(19)
             C3---C2--H2        125.4(18)
            C3A---C3--H3        129.6(19)
            C4A---C5--H5        122.6(19)
             C5---C6--H6         120(2)
             C6---C5--H5        115.8(19)
             C6---C7--H7         120(2)
             C7---C6--H6         121(2)
             C7---C8--H8        117.7(14)
             C8---C7--H7         120(2)
            C8A---C8--H8        122.1(14)
_________________________________________


==============
Torsion angles
==============

The angle shown is the one that looking down B->C
i.e. it's the one between r(A)-r(B) and r(D)-r(C).

The angle is +ve if r(D)-r(C) is clockwise of r(A)-r(B).


No. of torsion angles .... 70

____________________________________________________

  A--B--C--D     A---B----C---D    Angle(A--B--C--D)
                                             /degree
____________________________________________________

  O--C--C--C    O4---C4--C3A--C9A          -180.0(3)
                O4---C4--C4A--C5              1.1(4)
                O4---C4--C4A--C8A           179.6(3)


  O--H--O--C    O9---H9--O10--C10        49.42(3771)


  C--O--H--O    C9---O9---H9--O10       -50.15(3770)


  C--C--O--H    C1--C10--O10--H9            -1.7(18)
               C8A---C9---O9--H9          -178.1(18)
               C9A---C9---O9--H9             2.2(19)


  C--C--C--O    C1--C9A---C9--O9              1.3(5)
                C2---C1--C10--O10           178.2(4)
                C3--C3A---C4--O4              0.0(5)
               C3A--C9A---C9--O9           -178.2(3)
               C4A--C8A---C9--O9            177.9(3)
                C8--C8A---C9--O9             -3.6(4)
               C9A---C1--C10--O10             0.5(6)


  C--C--C--C    C1---C2---C3--C3A             0.0(3)
                C1--C9A--C3A--C3              0.0(3)
                C1--C9A--C3A--C4           -180.0(3)
                C1--C9A---C9--C8A          -178.4(3)
                C2---C1--C9A--C3A            -0.3(3)
                C2---C1--C9A--C9           -180.0(3)
                C2---C3--C3A--C4           -180.0(3)
                C2---C3--C3A--C9A             0.0(3)
                C3---C2---C1--C9A             0.3(3)
                C3---C2---C1--C10          -177.8(3)
                C3--C3A---C4--C4A           178.8(3)
                C3--C3A--C9A--C9            179.7(3)
               C3A---C4--C4A--C5           -177.7(3)
               C3A---C4--C4A--C8A             0.8(4)
               C3A--C9A---C1--C10           177.8(3)
               C3A--C9A---C9--C8A             2.1(4)
                C4--C3A--C9A--C9             -0.3(4)
                C4--C4A---C5--C6            177.3(3)
                C4--C4A--C8A--C8           -177.6(3)
                C4--C4A--C8A--C9              0.9(4)
               C4A---C4--C3A--C9A            -1.2(4)
               C4A---C5---C6--C7              0.5(5)
               C4A--C8A---C8--C7              0.0(5)
               C4A--C8A---C9--C9A            -2.4(4)
                C5--C4A--C8A--C8              0.9(4)
                C5--C4A--C8A--C9            179.4(3)
                C5---C6---C7--C8              0.6(5)
                C6---C5--C4A--C8A            -1.2(5)
                C6---C7---C8--C8A            -0.9(5)
                C7---C8--C8A--C9           -178.4(3)
                C8--C8A---C9--C9A           176.1(3)
                C9--C9A---C1--C10            -1.8(5)


  C--C--C--H    C1---C2---C3--H3          -178.0(15)
                C2---C1--C10--H10             8(3)
                C4--C4A---C5--H5              6(2)
               C4A---C5---C6--H6           -176(2)
               C4A--C8A---C8--H8          -178.4(13)
                C5---C6---C7--H7            179(3)
                C6---C7---C8--H8           177.7(12)
               C9A---C1--C10--H10          -170(2)


  H--C--O--H   H10--C10--O10--H9              169(3)


  H--C--C--C    H2---C2---C1--C9A          -178(2)
                H2---C2---C1--C10             4(2)
                H2---C2---C3--C3A           178(2)
                H3---C3--C3A--C4            -2.4(17)
                H3---C3--C3A--C9A          177.6(16)
                H5---C5--C4A--C8A          -173(2)
                H5---C5---C6--C7           172.5(18)
                H6---C6---C7--C8            177(2)
                H7---C7---C8--C8A          -180(3)
                H8---C8--C8A--C9             3.1(13)


  H--C--C--H    H2---C2---C3--H3                0(3)
                H5---C5---C6--H6               -4(3)
                H6---C6---C7--H7               -4(3)
                H7---C7---C8--H8               -1(3)

____________________________________________________

========================
Fit statistics vs. angle
========================

An analysis of the fit versus sin(theta)/lambda.

_______________________________________________________________________________________

   #  sin(th)/lambda  # of        GOF     F_exp      R(F)     Rw(F)     R(F2)    Rw(F2)
      max value/A^-1  refl              /F_pred
_______________________________________________________________________________________

   1        0.162767     7  15.218891  0.987447  0.023275  0.025828  0.045574  0.048414
   2        0.187039    10   4.779303  0.980622  0.016772  0.010761  0.009510  0.004282
   3        0.211312    12   6.587404  0.989280  0.032669  0.029211  0.050252  0.042839
   4        0.235584    12   4.363987  0.979007  0.021180  0.019729  0.024557  0.016482
   5        0.259857    16   5.644092  0.995534  0.015374  0.012688  0.017190  0.015073
   6        0.284129    26   6.787721  0.983636  0.020263  0.016914  0.018299  0.013797
   7        0.308402    35   8.607319  0.983189  0.025785  0.020535  0.029097  0.016518
   8        0.332674    43   7.694295  0.989090  0.023731  0.018489  0.028495  0.018395
   9        0.356947    42   9.164941  0.965654  0.042256  0.034772  0.050682  0.027972
  10        0.381219    36   6.384372  0.967350  0.028079  0.023827  0.038381  0.035892
  11        0.405492    42   8.072331  0.960556  0.038582  0.030924  0.046400  0.032903
  12        0.429764    59   8.043742  0.976370  0.040362  0.028935  0.050888  0.034152
  13        0.454037    78  13.451362  0.988775  0.043074  0.042843  0.075192  0.088113
  14        0.478309    81   9.421810  0.989039  0.044141  0.034907  0.059244  0.029352
  15        0.502582    68   9.840253  1.012782  0.044297  0.044949  0.072638  0.085563
  16        0.526854    59   9.140966  1.000740  0.059855  0.051033  0.092242  0.074778
  17        0.551127    62   6.512929  0.975958  0.067288  0.058686  0.106618  0.066585
  18        0.575399    74   7.809090  1.022905  0.061733  0.055359  0.094290  0.066867
  19        0.599672    82   8.038511  1.002179  0.076795  0.063159  0.125185  0.072672
  20        0.623944    60   7.335891  1.015332  0.100980  0.099268  0.179971  0.132119
_______________________________________________________________________________________

============================
Fit statistics vs. intensity
============================

An analysis of the fit versus F_exp is shown in the table below.

__________________________________________________________________________________

   #      F_exp  # of        GOF     F_exp      R(F)     Rw(F)     R(F2)    Rw(F2)
      max value  refl              /F_pred
__________________________________________________________________________________

   1   6.658854   527   1.355674  0.987822  0.087961  0.086289  0.163869  0.145679
   2  11.571282   241   4.891326  0.992757  0.032132  0.034757  0.062219  0.058569
   3  16.483711    82  11.067442  1.003375  0.016925  0.020062  0.033281  0.036564
   4  21.396140    28   9.251363  1.011136  0.016655  0.019123  0.032415  0.029009
   5  26.308569    10   4.871895  1.004285  0.008320  0.010578  0.016431  0.016332
   6  31.220997     7   9.214564  1.014841  0.021844  0.024269  0.043619  0.037789
   7  36.133426     3   9.677291  0.980485  0.020830  0.028979  0.043245  0.050645
   8  41.045855     2   1.569676  1.003457  0.005077  0.005626  0.010192  0.010247
   9  45.958284     1   2.500616  1.010471  0.010363  0.010363  0.020618  0.020618
  10  50.870712     1   2.087911  1.009056  0.008975  0.008975  0.017869  0.017869
  11  55.783141     0   0.000000  0.000000  0.000000  0.000000  0.000000  0.000000
  12  60.695570     0   0.000000  0.000000  0.000000  0.000000  0.000000  0.000000
  13  65.607999     0   0.000000  0.000000  0.000000  0.000000  0.000000  0.000000
  14  70.520427     0   0.000000  0.000000  0.000000  0.000000  0.000000  0.000000
  15  75.432856     0   0.000000  0.000000  0.000000  0.000000  0.000000  0.000000
  16  80.345285     1   0.720660  1.001706  0.001703  0.001703  0.003404  0.003404
  17  85.257714     0   0.000000  0.000000  0.000000  0.000000  0.000000  0.000000
  18  90.170142     0   0.000000  0.000000  0.000000  0.000000  0.000000  0.000000
  19  95.082571     0   0.000000  0.000000  0.000000  0.000000  0.000000  0.000000
  20  99.995000     1  10.891652  1.025136  0.024520  0.024520  0.048439  0.048439
__________________________________________________________________________________

=================
Worst reflections
=================

. Below are the 20 worst-fitted reflections
. The criteria is F_z = (F_calc-F_pred)/sigma, in sigma units
. The full list of reflections is in the produced CIF file


Number of reflections .... 20

Structure factors:

Model statistics based on structure factors:

R_sigma(F) ........................ 0.011869
R_sigma(F2) ....................... 0.000070
R(F) .............................. 0.052002
R(F2) ............................. 0.069903
Rw(F) ............................. 0.038517
Rw(F2) ............................ 0.077182
chi^2(N_p=1)(F) ................... 25.239121
Goodness of fit(N_p=1)(F) ......... 5.023855
_______________________________________________________________________________________________________

   #   h   k   l       stl         d      F_calc     F_calc     F_pred      F_exp   F_sigma         F_z
                     /A^-1        /A          Re         Im
_______________________________________________________________________________________________________

   1  -1   1   1  0.138494  3.610254  -58.946091   0.000000  37.000990  34.970130  0.210383    9.653142
   2  -2   2   2  0.276989  1.805127  -10.743088   0.000000   6.743533   6.048388  0.186733    3.722663
   3  -2   6   5  0.345983  1.445157  -17.821895   0.000000  11.186963  10.521407  0.182645    3.643994
   4  -2   2   4  0.297589  1.680172    9.733004   0.000000   6.109494   5.428444  0.196809    3.460461
   5   1   8   1  0.251119  1.991088   -8.711759   0.000000   5.468449   4.728319  0.219882    3.366029
   6  -1   4   1  0.170380  2.934609  -14.324800   0.000000   8.991806   8.293431  0.209373    3.335555
   7  -1   2   2  0.155272  3.220149   50.626603   0.000000  31.778773  31.211056  0.172370    3.293590
   8   3   7   1  0.450262  1.110464   15.758597   0.000000   9.891812   8.984654  0.294602    3.079271
   9  -2   5   5  0.335383  1.490832   -9.970879   0.000000   6.258810   5.601428  0.213943    3.072696
  10  -1  11   1  0.313003  1.597427  -17.888562   0.000000  11.228811  10.647535  0.189524    3.067036
  11  -1  19   3  0.514083  0.972606   29.599802   0.000000  18.580061  19.413140  0.293516   -2.838270
  12  -2   5   2  0.300851  1.661954   12.816272   0.000000   8.044889   8.609181  0.178997   -3.152519
  13   3   1   5  0.469088  1.065898   18.709567   0.000000  11.744163  12.768320  0.291942   -3.508080
  14   1  15   7  0.493743  1.012673   14.145235   0.000000   8.879091  10.055347  0.320872   -3.665811
  15  -2   5  10  0.453124  1.103451  -38.082998   0.000000  23.905039  24.819146  0.233988   -3.906643
  16   3   6   1  0.440682  1.134605  -40.371285   0.000000  25.341417  26.401326  0.259788   -4.079900
  17  -2   7  11  0.498077  1.003861  -27.092100   0.000000  17.005954  18.214829  0.295287   -4.093904
  18  -3   6   7  0.481129  1.039223  -27.712053   0.000000  17.395104  18.626862  0.259228   -4.751645
  19   3   5   1  0.432410  1.156311   45.437435   0.000000  28.521485  30.412333  0.262209   -7.211234
  20   1   2   1  0.153836  3.250211  155.395472   0.000000  97.543130  99.995000  0.225115  -10.891652
_______________________________________________________________________________________________________

==================================
Analysis of the Hirshfeld atom fit
==================================

An analysis of the fit is deposited in 'stdout.fit_analysis'.

This large file includes:
. a normal QQ plot i.e. Hamilton plot
. a normal QQ plot with each datum labelled by (hkl)
. a scatter plot of (Fexp-Fcalc)/sigma vs. sin (theta/lambda)
. a scatter plot of (Fexp-Fcalc)/sigma vs. intensity

If you used an extinction correction, you also get:
. a scatter plot of (Fcalc-Fcalc(no ext))/sigma vs. sin (theta/lambda)
. a scatter plot of (Fcalc-Fcalc(no ext))/sigma vs. Fcalc

All of the above plots are available for the reserved (free) data
if you made use of that option. Phew.

Use Excel or gnuplot to view these data. Do it.

=====================
Residual density data
=====================

. Grid has voxels less than 0.1 A per side
. Length units are in Angstrom

No. of X grid points ........ 41
No. of Y grid points ........ 199
No. of Z grid points ........ 137
Total no. of points ......... 1117783
X point separation .......... 0.092925
Y point separation .......... 0.098551
Z point separation .......... 0.098824

Unit cell residual density:

Maximum ..................... 0.134372
- nearest atom .............. C8A
- distance to it ............ 1.179945
Minimum ..................... -0.129903
- nearest atom .............. C6
- distance to it ............ 0.834161
RMS ......................... 0.031195

Residuals on atoms:

Maximum ..................... 0.061984
- for atom .................. O10
Minimum ..................... -0.059819
- for atom .................. C8A
RMS ......................... 0.032373

keyword found --> }
Job ended, elapsed time:
0 days,  0 hours, 2minutes and 29 seconds elapsed.
